<?xml version="1.0" encoding="ISO-8859-1" ?>
<link_info>
   <banner>TI ARM Linker PC v18.12.4.LTS</banner>
   <copyright>Copyright (c) 1996-2018 Texas Instruments Incorporated</copyright>
   <link_time>0x5e14fba3</link_time>
   <link_errors>0x0</link_errors>
   <output_file>I2C2Test.out</output_file>
   <entry_point>
      <name>_c_int00</name>
      <address>0x53a4</address>
   </entry_point>
   <input_file_list>
      <input_file id="fl-2">
         <path>.\bme280_envSensor\</path>
         <kind>object</kind>
         <file>bme280.obj</file>
         <name>bme280.obj</name>
      </input_file>
      <input_file id="fl-3">
         <path>.\jpeg-9c\</path>
         <kind>object</kind>
         <file>jaricom.obj</file>
         <name>jaricom.obj</name>
      </input_file>
      <input_file id="fl-4">
         <path>.\jpeg-9c\</path>
         <kind>object</kind>
         <file>jcapimin.obj</file>
         <name>jcapimin.obj</name>
      </input_file>
      <input_file id="fl-5">
         <path>.\jpeg-9c\</path>
         <kind>object</kind>
         <file>jcapistd.obj</file>
         <name>jcapistd.obj</name>
      </input_file>
      <input_file id="fl-6">
         <path>.\jpeg-9c\</path>
         <kind>object</kind>
         <file>jcarith.obj</file>
         <name>jcarith.obj</name>
      </input_file>
      <input_file id="fl-7">
         <path>.\jpeg-9c\</path>
         <kind>object</kind>
         <file>jccoefct.obj</file>
         <name>jccoefct.obj</name>
      </input_file>
      <input_file id="fl-8">
         <path>.\jpeg-9c\</path>
         <kind>object</kind>
         <file>jccolor.obj</file>
         <name>jccolor.obj</name>
      </input_file>
      <input_file id="fl-9">
         <path>.\jpeg-9c\</path>
         <kind>object</kind>
         <file>jcdctmgr.obj</file>
         <name>jcdctmgr.obj</name>
      </input_file>
      <input_file id="fl-a">
         <path>.\jpeg-9c\</path>
         <kind>object</kind>
         <file>jchuff.obj</file>
         <name>jchuff.obj</name>
      </input_file>
      <input_file id="fl-b">
         <path>.\jpeg-9c\</path>
         <kind>object</kind>
         <file>jcinit.obj</file>
         <name>jcinit.obj</name>
      </input_file>
      <input_file id="fl-c">
         <path>.\jpeg-9c\</path>
         <kind>object</kind>
         <file>jcmainct.obj</file>
         <name>jcmainct.obj</name>
      </input_file>
      <input_file id="fl-d">
         <path>.\jpeg-9c\</path>
         <kind>object</kind>
         <file>jcmarker.obj</file>
         <name>jcmarker.obj</name>
      </input_file>
      <input_file id="fl-e">
         <path>.\jpeg-9c\</path>
         <kind>object</kind>
         <file>jcmaster.obj</file>
         <name>jcmaster.obj</name>
      </input_file>
      <input_file id="fl-f">
         <path>.\jpeg-9c\</path>
         <kind>object</kind>
         <file>jcomapi.obj</file>
         <name>jcomapi.obj</name>
      </input_file>
      <input_file id="fl-10">
         <path>.\jpeg-9c\</path>
         <kind>object</kind>
         <file>jcparam.obj</file>
         <name>jcparam.obj</name>
      </input_file>
      <input_file id="fl-11">
         <path>.\jpeg-9c\</path>
         <kind>object</kind>
         <file>jcprepct.obj</file>
         <name>jcprepct.obj</name>
      </input_file>
      <input_file id="fl-12">
         <path>.\jpeg-9c\</path>
         <kind>object</kind>
         <file>jcsample.obj</file>
         <name>jcsample.obj</name>
      </input_file>
      <input_file id="fl-13">
         <path>.\jpeg-9c\</path>
         <kind>object</kind>
         <file>jctrans.obj</file>
         <name>jctrans.obj</name>
      </input_file>
      <input_file id="fl-14">
         <path>.\jpeg-9c\</path>
         <kind>object</kind>
         <file>jdapimin.obj</file>
         <name>jdapimin.obj</name>
      </input_file>
      <input_file id="fl-15">
         <path>.\jpeg-9c\</path>
         <kind>object</kind>
         <file>jdapistd.obj</file>
         <name>jdapistd.obj</name>
      </input_file>
      <input_file id="fl-16">
         <path>.\jpeg-9c\</path>
         <kind>object</kind>
         <file>jdarith.obj</file>
         <name>jdarith.obj</name>
      </input_file>
      <input_file id="fl-17">
         <path>.\jpeg-9c\</path>
         <kind>object</kind>
         <file>jdatadst.obj</file>
         <name>jdatadst.obj</name>
      </input_file>
      <input_file id="fl-18">
         <path>.\jpeg-9c\</path>
         <kind>object</kind>
         <file>jdatasrc.obj</file>
         <name>jdatasrc.obj</name>
      </input_file>
      <input_file id="fl-19">
         <path>.\jpeg-9c\</path>
         <kind>object</kind>
         <file>jdcoefct.obj</file>
         <name>jdcoefct.obj</name>
      </input_file>
      <input_file id="fl-1a">
         <path>.\jpeg-9c\</path>
         <kind>object</kind>
         <file>jdcolor.obj</file>
         <name>jdcolor.obj</name>
      </input_file>
      <input_file id="fl-1b">
         <path>.\jpeg-9c\</path>
         <kind>object</kind>
         <file>jddctmgr.obj</file>
         <name>jddctmgr.obj</name>
      </input_file>
      <input_file id="fl-1c">
         <path>.\jpeg-9c\</path>
         <kind>object</kind>
         <file>jdhuff.obj</file>
         <name>jdhuff.obj</name>
      </input_file>
      <input_file id="fl-1d">
         <path>.\jpeg-9c\</path>
         <kind>object</kind>
         <file>jdinput.obj</file>
         <name>jdinput.obj</name>
      </input_file>
      <input_file id="fl-1e">
         <path>.\jpeg-9c\</path>
         <kind>object</kind>
         <file>jdmainct.obj</file>
         <name>jdmainct.obj</name>
      </input_file>
      <input_file id="fl-1f">
         <path>.\jpeg-9c\</path>
         <kind>object</kind>
         <file>jdmarker.obj</file>
         <name>jdmarker.obj</name>
      </input_file>
      <input_file id="fl-20">
         <path>.\jpeg-9c\</path>
         <kind>object</kind>
         <file>jdmaster.obj</file>
         <name>jdmaster.obj</name>
      </input_file>
      <input_file id="fl-21">
         <path>.\jpeg-9c\</path>
         <kind>object</kind>
         <file>jdmerge.obj</file>
         <name>jdmerge.obj</name>
      </input_file>
      <input_file id="fl-22">
         <path>.\jpeg-9c\</path>
         <kind>object</kind>
         <file>jdpostct.obj</file>
         <name>jdpostct.obj</name>
      </input_file>
      <input_file id="fl-23">
         <path>.\jpeg-9c\</path>
         <kind>object</kind>
         <file>jdsample.obj</file>
         <name>jdsample.obj</name>
      </input_file>
      <input_file id="fl-24">
         <path>.\jpeg-9c\</path>
         <kind>object</kind>
         <file>jdtrans.obj</file>
         <name>jdtrans.obj</name>
      </input_file>
      <input_file id="fl-25">
         <path>.\jpeg-9c\</path>
         <kind>object</kind>
         <file>jerror.obj</file>
         <name>jerror.obj</name>
      </input_file>
      <input_file id="fl-26">
         <path>.\jpeg-9c\</path>
         <kind>object</kind>
         <file>jfdctflt.obj</file>
         <name>jfdctflt.obj</name>
      </input_file>
      <input_file id="fl-27">
         <path>.\jpeg-9c\</path>
         <kind>object</kind>
         <file>jfdctfst.obj</file>
         <name>jfdctfst.obj</name>
      </input_file>
      <input_file id="fl-28">
         <path>.\jpeg-9c\</path>
         <kind>object</kind>
         <file>jfdctint.obj</file>
         <name>jfdctint.obj</name>
      </input_file>
      <input_file id="fl-29">
         <path>.\jpeg-9c\</path>
         <kind>object</kind>
         <file>jidctflt.obj</file>
         <name>jidctflt.obj</name>
      </input_file>
      <input_file id="fl-2a">
         <path>.\jpeg-9c\</path>
         <kind>object</kind>
         <file>jidctfst.obj</file>
         <name>jidctfst.obj</name>
      </input_file>
      <input_file id="fl-2b">
         <path>.\jpeg-9c\</path>
         <kind>object</kind>
         <file>jidctint.obj</file>
         <name>jidctint.obj</name>
      </input_file>
      <input_file id="fl-2c">
         <path>.\jpeg-9c\</path>
         <kind>object</kind>
         <file>jmemmgr.obj</file>
         <name>jmemmgr.obj</name>
      </input_file>
      <input_file id="fl-2d">
         <path>.\jpeg-9c\</path>
         <kind>object</kind>
         <file>jmemnobs.obj</file>
         <name>jmemnobs.obj</name>
      </input_file>
      <input_file id="fl-2e">
         <path>.\jpeg-9c\</path>
         <kind>object</kind>
         <file>jquant1.obj</file>
         <name>jquant1.obj</name>
      </input_file>
      <input_file id="fl-2f">
         <path>.\jpeg-9c\</path>
         <kind>object</kind>
         <file>jquant2.obj</file>
         <name>jquant2.obj</name>
      </input_file>
      <input_file id="fl-30">
         <path>.\jpeg-9c\</path>
         <kind>object</kind>
         <file>jutils.obj</file>
         <name>jutils.obj</name>
      </input_file>
      <input_file id="fl-31">
         <path>.\ov7670\</path>
         <kind>object</kind>
         <file>libJPEGwithOV7670.obj</file>
         <name>libJPEGwithOV7670.obj</name>
      </input_file>
      <input_file id="fl-32">
         <path>.\ov7670\</path>
         <kind>object</kind>
         <file>ov7670.obj</file>
         <name>ov7670.obj</name>
      </input_file>
      <input_file id="fl-33">
         <path>.\source\</path>
         <kind>object</kind>
         <file>HL_epc.obj</file>
         <name>HL_epc.obj</name>
      </input_file>
      <input_file id="fl-34">
         <path>.\source\</path>
         <kind>object</kind>
         <file>HL_errata.obj</file>
         <name>HL_errata.obj</name>
      </input_file>
      <input_file id="fl-35">
         <path>.\source\</path>
         <kind>object</kind>
         <file>HL_errata_SSWF021_45.obj</file>
         <name>HL_errata_SSWF021_45.obj</name>
      </input_file>
      <input_file id="fl-36">
         <path>.\source\</path>
         <kind>object</kind>
         <file>HL_esm.obj</file>
         <name>HL_esm.obj</name>
      </input_file>
      <input_file id="fl-37">
         <path>.\source\</path>
         <kind>object</kind>
         <file>HL_gio.obj</file>
         <name>HL_gio.obj</name>
      </input_file>
      <input_file id="fl-38">
         <path>.\source\</path>
         <kind>object</kind>
         <file>HL_i2c.obj</file>
         <name>HL_i2c.obj</name>
      </input_file>
      <input_file id="fl-39">
         <path>.\source\</path>
         <kind>object</kind>
         <file>HL_nmpu.obj</file>
         <name>HL_nmpu.obj</name>
      </input_file>
      <input_file id="fl-3a">
         <path>.\source\</path>
         <kind>object</kind>
         <file>HL_notification.obj</file>
         <name>HL_notification.obj</name>
      </input_file>
      <input_file id="fl-3b">
         <path>.\source\</path>
         <kind>object</kind>
         <file>HL_pinmux.obj</file>
         <name>HL_pinmux.obj</name>
      </input_file>
      <input_file id="fl-3c">
         <path>.\source\</path>
         <kind>object</kind>
         <file>HL_sci.obj</file>
         <name>HL_sci.obj</name>
      </input_file>
      <input_file id="fl-3d">
         <path>.\source\</path>
         <kind>object</kind>
         <file>HL_sys_core.obj</file>
         <name>HL_sys_core.obj</name>
      </input_file>
      <input_file id="fl-3e">
         <path>.\source\</path>
         <kind>object</kind>
         <file>HL_sys_dma.obj</file>
         <name>HL_sys_dma.obj</name>
      </input_file>
      <input_file id="fl-3f">
         <path>.\source\</path>
         <kind>object</kind>
         <file>HL_sys_intvecs.obj</file>
         <name>HL_sys_intvecs.obj</name>
      </input_file>
      <input_file id="fl-40">
         <path>.\source\</path>
         <kind>object</kind>
         <file>HL_sys_main.obj</file>
         <name>HL_sys_main.obj</name>
      </input_file>
      <input_file id="fl-41">
         <path>.\source\</path>
         <kind>object</kind>
         <file>HL_sys_mpu.obj</file>
         <name>HL_sys_mpu.obj</name>
      </input_file>
      <input_file id="fl-42">
         <path>.\source\</path>
         <kind>object</kind>
         <file>HL_sys_pcr.obj</file>
         <name>HL_sys_pcr.obj</name>
      </input_file>
      <input_file id="fl-43">
         <path>.\source\</path>
         <kind>object</kind>
         <file>HL_sys_phantom.obj</file>
         <name>HL_sys_phantom.obj</name>
      </input_file>
      <input_file id="fl-44">
         <path>.\source\</path>
         <kind>object</kind>
         <file>HL_sys_pmm.obj</file>
         <name>HL_sys_pmm.obj</name>
      </input_file>
      <input_file id="fl-45">
         <path>.\source\</path>
         <kind>object</kind>
         <file>HL_sys_pmu.obj</file>
         <name>HL_sys_pmu.obj</name>
      </input_file>
      <input_file id="fl-46">
         <path>.\source\</path>
         <kind>object</kind>
         <file>HL_sys_startup.obj</file>
         <name>HL_sys_startup.obj</name>
      </input_file>
      <input_file id="fl-47">
         <path>.\source\</path>
         <kind>object</kind>
         <file>HL_sys_vim.obj</file>
         <name>HL_sys_vim.obj</name>
      </input_file>
      <input_file id="fl-48">
         <path>.\source\</path>
         <kind>object</kind>
         <file>HL_system.obj</file>
         <name>HL_system.obj</name>
      </input_file>
      <input_file id="fl-4c">
         <kind>object</kind>
         <file>&lt;internal&gt;</file>
         <name>&lt;internal&gt;</name>
      </input_file>
      <input_file id="fl-102">
         <path>C:\ti\ccs920\ccs\tools\compiler\ti-cgt-arm_18.12.4.LTS\lib\</path>
         <kind>archive</kind>
         <file>rtsv7R4_A_le_v3D16_eabi.lib</file>
         <name>s_floor.c.obj</name>
      </input_file>
      <input_file id="fl-103">
         <path>C:\ti\ccs920\ccs\tools\compiler\ti-cgt-arm_18.12.4.LTS\lib\</path>
         <kind>archive</kind>
         <file>rtsv7R4_A_le_v3D16_eabi.lib</file>
         <name>fprintf.c.obj</name>
      </input_file>
      <input_file id="fl-104">
         <path>C:\ti\ccs920\ccs\tools\compiler\ti-cgt-arm_18.12.4.LTS\lib\</path>
         <kind>archive</kind>
         <file>rtsv7R4_A_le_v3D16_eabi.lib</file>
         <name>_printfi.c.obj</name>
      </input_file>
      <input_file id="fl-105">
         <path>C:\ti\ccs920\ccs\tools\compiler\ti-cgt-arm_18.12.4.LTS\lib\</path>
         <kind>archive</kind>
         <file>rtsv7R4_A_le_v3D16_eabi.lib</file>
         <name>sprintf.c.obj</name>
      </input_file>
      <input_file id="fl-106">
         <path>C:\ti\ccs920\ccs\tools\compiler\ti-cgt-arm_18.12.4.LTS\lib\</path>
         <kind>archive</kind>
         <file>rtsv7R4_A_le_v3D16_eabi.lib</file>
         <name>sscanf.c.obj</name>
      </input_file>
      <input_file id="fl-107">
         <path>C:\ti\ccs920\ccs\tools\compiler\ti-cgt-arm_18.12.4.LTS\lib\</path>
         <kind>archive</kind>
         <file>rtsv7R4_A_le_v3D16_eabi.lib</file>
         <name>ferror.c.obj</name>
      </input_file>
      <input_file id="fl-108">
         <path>C:\ti\ccs920\ccs\tools\compiler\ti-cgt-arm_18.12.4.LTS\lib\</path>
         <kind>archive</kind>
         <file>rtsv7R4_A_le_v3D16_eabi.lib</file>
         <name>fflush.c.obj</name>
      </input_file>
      <input_file id="fl-109">
         <path>C:\ti\ccs920\ccs\tools\compiler\ti-cgt-arm_18.12.4.LTS\lib\</path>
         <kind>archive</kind>
         <file>rtsv7R4_A_le_v3D16_eabi.lib</file>
         <name>fputc.c.obj</name>
      </input_file>
      <input_file id="fl-10a">
         <path>C:\ti\ccs920\ccs\tools\compiler\ti-cgt-arm_18.12.4.LTS\lib\</path>
         <kind>archive</kind>
         <file>rtsv7R4_A_le_v3D16_eabi.lib</file>
         <name>fputs.c.obj</name>
      </input_file>
      <input_file id="fl-10b">
         <path>C:\ti\ccs920\ccs\tools\compiler\ti-cgt-arm_18.12.4.LTS\lib\</path>
         <kind>archive</kind>
         <file>rtsv7R4_A_le_v3D16_eabi.lib</file>
         <name>fread.c.obj</name>
      </input_file>
      <input_file id="fl-10c">
         <path>C:\ti\ccs920\ccs\tools\compiler\ti-cgt-arm_18.12.4.LTS\lib\</path>
         <kind>archive</kind>
         <file>rtsv7R4_A_le_v3D16_eabi.lib</file>
         <name>fwrite.c.obj</name>
      </input_file>
      <input_file id="fl-10d">
         <path>C:\ti\ccs920\ccs\tools\compiler\ti-cgt-arm_18.12.4.LTS\lib\</path>
         <kind>archive</kind>
         <file>rtsv7R4_A_le_v3D16_eabi.lib</file>
         <name>_bufread.c.obj</name>
      </input_file>
      <input_file id="fl-10e">
         <path>C:\ti\ccs920\ccs\tools\compiler\ti-cgt-arm_18.12.4.LTS\lib\</path>
         <kind>archive</kind>
         <file>rtsv7R4_A_le_v3D16_eabi.lib</file>
         <name>_io_perm.c.obj</name>
      </input_file>
      <input_file id="fl-10f">
         <path>C:\ti\ccs920\ccs\tools\compiler\ti-cgt-arm_18.12.4.LTS\lib\</path>
         <kind>archive</kind>
         <file>rtsv7R4_A_le_v3D16_eabi.lib</file>
         <name>getenv.c.obj</name>
      </input_file>
      <input_file id="fl-110">
         <path>C:\ti\ccs920\ccs\tools\compiler\ti-cgt-arm_18.12.4.LTS\lib\</path>
         <kind>archive</kind>
         <file>rtsv7R4_A_le_v3D16_eabi.lib</file>
         <name>setvbuf.c.obj</name>
      </input_file>
      <input_file id="fl-111">
         <path>C:\ti\ccs920\ccs\tools\compiler\ti-cgt-arm_18.12.4.LTS\lib\</path>
         <kind>archive</kind>
         <file>rtsv7R4_A_le_v3D16_eabi.lib</file>
         <name>ull_div32.asm.obj</name>
      </input_file>
      <input_file id="fl-112">
         <path>C:\ti\ccs920\ccs\tools\compiler\ti-cgt-arm_18.12.4.LTS\lib\</path>
         <kind>archive</kind>
         <file>rtsv7R4_A_le_v3D16_eabi.lib</file>
         <name>memset32.asm.obj</name>
      </input_file>
      <input_file id="fl-113">
         <path>C:\ti\ccs920\ccs\tools\compiler\ti-cgt-arm_18.12.4.LTS\lib\</path>
         <kind>archive</kind>
         <file>rtsv7R4_A_le_v3D16_eabi.lib</file>
         <name>i_div32.asm.obj</name>
      </input_file>
      <input_file id="fl-114">
         <path>C:\ti\ccs920\ccs\tools\compiler\ti-cgt-arm_18.12.4.LTS\lib\</path>
         <kind>archive</kind>
         <file>rtsv7R4_A_le_v3D16_eabi.lib</file>
         <name>u_div32.asm.obj</name>
      </input_file>
      <input_file id="fl-115">
         <path>C:\ti\ccs920\ccs\tools\compiler\ti-cgt-arm_18.12.4.LTS\lib\</path>
         <kind>archive</kind>
         <file>rtsv7R4_A_le_v3D16_eabi.lib</file>
         <name>memcpy32.asm.obj</name>
      </input_file>
      <input_file id="fl-116">
         <path>C:\ti\ccs920\ccs\tools\compiler\ti-cgt-arm_18.12.4.LTS\lib\</path>
         <kind>archive</kind>
         <file>rtsv7R4_A_le_v3D16_eabi.lib</file>
         <name>autoinit.c.obj</name>
      </input_file>
      <input_file id="fl-117">
         <path>C:\ti\ccs920\ccs\tools\compiler\ti-cgt-arm_18.12.4.LTS\lib\</path>
         <kind>archive</kind>
         <file>rtsv7R4_A_le_v3D16_eabi.lib</file>
         <name>cpy_tbl.c.obj</name>
      </input_file>
      <input_file id="fl-118">
         <path>C:\ti\ccs920\ccs\tools\compiler\ti-cgt-arm_18.12.4.LTS\lib\</path>
         <kind>archive</kind>
         <file>rtsv7R4_A_le_v3D16_eabi.lib</file>
         <name>copy_zero_init.c.obj</name>
      </input_file>
      <input_file id="fl-119">
         <path>C:\ti\ccs920\ccs\tools\compiler\ti-cgt-arm_18.12.4.LTS\lib\</path>
         <kind>archive</kind>
         <file>rtsv7R4_A_le_v3D16_eabi.lib</file>
         <name>copy_decompress_none.c.obj</name>
      </input_file>
      <input_file id="fl-11a">
         <path>C:\ti\ccs920\ccs\tools\compiler\ti-cgt-arm_18.12.4.LTS\lib\</path>
         <kind>archive</kind>
         <file>rtsv7R4_A_le_v3D16_eabi.lib</file>
         <name>copy_decompress_lzss.c.obj</name>
      </input_file>
      <input_file id="fl-11b">
         <path>C:\ti\ccs920\ccs\tools\compiler\ti-cgt-arm_18.12.4.LTS\lib\</path>
         <kind>archive</kind>
         <file>rtsv7R4_A_le_v3D16_eabi.lib</file>
         <name>exit.c.obj</name>
      </input_file>
      <input_file id="fl-11c">
         <path>C:\ti\ccs920\ccs\tools\compiler\ti-cgt-arm_18.12.4.LTS\lib\</path>
         <kind>archive</kind>
         <file>rtsv7R4_A_le_v3D16_eabi.lib</file>
         <name>_lock.c.obj</name>
      </input_file>
      <input_file id="fl-11d">
         <path>C:\ti\ccs920\ccs\tools\compiler\ti-cgt-arm_18.12.4.LTS\lib\</path>
         <kind>archive</kind>
         <file>rtsv7R4_A_le_v3D16_eabi.lib</file>
         <name>atoi.c.obj</name>
      </input_file>
      <input_file id="fl-11e">
         <path>C:\ti\ccs920\ccs\tools\compiler\ti-cgt-arm_18.12.4.LTS\lib\</path>
         <kind>archive</kind>
         <file>rtsv7R4_A_le_v3D16_eabi.lib</file>
         <name>ctype.c.obj</name>
      </input_file>
      <input_file id="fl-11f">
         <path>C:\ti\ccs920\ccs\tools\compiler\ti-cgt-arm_18.12.4.LTS\lib\</path>
         <kind>archive</kind>
         <file>rtsv7R4_A_le_v3D16_eabi.lib</file>
         <name>defs.c.obj</name>
      </input_file>
      <input_file id="fl-120">
         <path>C:\ti\ccs920\ccs\tools\compiler\ti-cgt-arm_18.12.4.LTS\lib\</path>
         <kind>archive</kind>
         <file>rtsv7R4_A_le_v3D16_eabi.lib</file>
         <name>ltoa.c.obj</name>
      </input_file>
      <input_file id="fl-121">
         <path>C:\ti\ccs920\ccs\tools\compiler\ti-cgt-arm_18.12.4.LTS\lib\</path>
         <kind>archive</kind>
         <file>rtsv7R4_A_le_v3D16_eabi.lib</file>
         <name>memccpy.c.obj</name>
      </input_file>
      <input_file id="fl-122">
         <path>C:\ti\ccs920\ccs\tools\compiler\ti-cgt-arm_18.12.4.LTS\lib\</path>
         <kind>archive</kind>
         <file>rtsv7R4_A_le_v3D16_eabi.lib</file>
         <name>memchr.c.obj</name>
      </input_file>
      <input_file id="fl-123">
         <path>C:\ti\ccs920\ccs\tools\compiler\ti-cgt-arm_18.12.4.LTS\lib\</path>
         <kind>archive</kind>
         <file>rtsv7R4_A_le_v3D16_eabi.lib</file>
         <name>memory.c.obj</name>
      </input_file>
      <input_file id="fl-124">
         <path>C:\ti\ccs920\ccs\tools\compiler\ti-cgt-arm_18.12.4.LTS\lib\</path>
         <kind>archive</kind>
         <file>rtsv7R4_A_le_v3D16_eabi.lib</file>
         <name>strchr.c.obj</name>
      </input_file>
      <input_file id="fl-125">
         <path>C:\ti\ccs920\ccs\tools\compiler\ti-cgt-arm_18.12.4.LTS\lib\</path>
         <kind>archive</kind>
         <file>rtsv7R4_A_le_v3D16_eabi.lib</file>
         <name>strlen.c.obj</name>
      </input_file>
      <input_file id="fl-126">
         <path>C:\ti\ccs920\ccs\tools\compiler\ti-cgt-arm_18.12.4.LTS\lib\</path>
         <kind>archive</kind>
         <file>rtsv7R4_A_le_v3D16_eabi.lib</file>
         <name>strncpy.c.obj</name>
      </input_file>
      <input_file id="fl-127">
         <path>C:\ti\ccs920\ccs\tools\compiler\ti-cgt-arm_18.12.4.LTS\lib\</path>
         <kind>archive</kind>
         <file>rtsv7R4_A_le_v3D16_eabi.lib</file>
         <name>write.c.obj</name>
      </input_file>
      <input_file id="fl-128">
         <path>C:\ti\ccs920\ccs\tools\compiler\ti-cgt-arm_18.12.4.LTS\lib\</path>
         <kind>archive</kind>
         <file>rtsv7R4_A_le_v3D16_eabi.lib</file>
         <name>hostgetenv.c.obj</name>
      </input_file>
      <input_file id="fl-129">
         <path>C:\ti\ccs920\ccs\tools\compiler\ti-cgt-arm_18.12.4.LTS\lib\</path>
         <kind>archive</kind>
         <file>rtsv7R4_A_le_v3D16_eabi.lib</file>
         <name>hostopen.c.obj</name>
      </input_file>
      <input_file id="fl-12a">
         <path>C:\ti\ccs920\ccs\tools\compiler\ti-cgt-arm_18.12.4.LTS\lib\</path>
         <kind>archive</kind>
         <file>rtsv7R4_A_le_v3D16_eabi.lib</file>
         <name>host_device.c.obj</name>
      </input_file>
      <input_file id="fl-12b">
         <path>C:\ti\ccs920\ccs\tools\compiler\ti-cgt-arm_18.12.4.LTS\lib\</path>
         <kind>archive</kind>
         <file>rtsv7R4_A_le_v3D16_eabi.lib</file>
         <name>trgmsg.c.obj</name>
      </input_file>
      <input_file id="fl-12c">
         <path>C:\ti\ccs920\ccs\tools\compiler\ti-cgt-arm_18.12.4.LTS\lib\</path>
         <kind>archive</kind>
         <file>rtsv7R4_A_le_v3D16_eabi.lib</file>
         <name>read.c.obj</name>
      </input_file>
      <input_file id="fl-12d">
         <path>C:\ti\ccs920\ccs\tools\compiler\ti-cgt-arm_18.12.4.LTS\lib\</path>
         <kind>archive</kind>
         <file>rtsv7R4_A_le_v3D16_eabi.lib</file>
         <name>errno.c.obj</name>
      </input_file>
      <input_file id="fl-12e">
         <path>C:\ti\ccs920\ccs\tools\compiler\ti-cgt-arm_18.12.4.LTS\lib\</path>
         <kind>archive</kind>
         <file>rtsv7R4_A_le_v3D16_eabi.lib</file>
         <name>wcslen.c.obj</name>
      </input_file>
      <input_file id="fl-12f">
         <path>C:\ti\ccs920\ccs\tools\compiler\ti-cgt-arm_18.12.4.LTS\lib\</path>
         <kind>archive</kind>
         <file>rtsv7R4_A_le_v3D16_eabi.lib</file>
         <name>s_frexp.c.obj</name>
      </input_file>
      <input_file id="fl-130">
         <path>C:\ti\ccs920\ccs\tools\compiler\ti-cgt-arm_18.12.4.LTS\lib\</path>
         <kind>archive</kind>
         <file>rtsv7R4_A_le_v3D16_eabi.lib</file>
         <name>s_scalbn.c.obj</name>
      </input_file>
      <input_file id="fl-131">
         <path>C:\ti\ccs920\ccs\tools\compiler\ti-cgt-arm_18.12.4.LTS\lib\</path>
         <kind>archive</kind>
         <file>rtsv7R4_A_le_v3D16_eabi.lib</file>
         <name>_scanfi.c.obj</name>
      </input_file>
      <input_file id="fl-132">
         <path>C:\ti\ccs920\ccs\tools\compiler\ti-cgt-arm_18.12.4.LTS\lib\</path>
         <kind>archive</kind>
         <file>rtsv7R4_A_le_v3D16_eabi.lib</file>
         <name>fopen.c.obj</name>
      </input_file>
      <input_file id="fl-133">
         <path>C:\ti\ccs920\ccs\tools\compiler\ti-cgt-arm_18.12.4.LTS\lib\</path>
         <kind>archive</kind>
         <file>rtsv7R4_A_le_v3D16_eabi.lib</file>
         <name>fseek.c.obj</name>
      </input_file>
      <input_file id="fl-134">
         <path>C:\ti\ccs920\ccs\tools\compiler\ti-cgt-arm_18.12.4.LTS\lib\</path>
         <kind>archive</kind>
         <file>rtsv7R4_A_le_v3D16_eabi.lib</file>
         <name>div0.asm.obj</name>
      </input_file>
      <input_file id="fl-135">
         <path>C:\ti\ccs920\ccs\tools\compiler\ti-cgt-arm_18.12.4.LTS\lib\</path>
         <kind>archive</kind>
         <file>rtsv7R4_A_le_v3D16_eabi.lib</file>
         <name>strcpy.c.obj</name>
      </input_file>
      <input_file id="fl-136">
         <path>C:\ti\ccs920\ccs\tools\compiler\ti-cgt-arm_18.12.4.LTS\lib\</path>
         <kind>archive</kind>
         <file>rtsv7R4_A_le_v3D16_eabi.lib</file>
         <name>strrchr.c.obj</name>
      </input_file>
      <input_file id="fl-137">
         <path>C:\ti\ccs920\ccs\tools\compiler\ti-cgt-arm_18.12.4.LTS\lib\</path>
         <kind>archive</kind>
         <file>rtsv7R4_A_le_v3D16_eabi.lib</file>
         <name>strtod.c.obj</name>
      </input_file>
      <input_file id="fl-138">
         <path>C:\ti\ccs920\ccs\tools\compiler\ti-cgt-arm_18.12.4.LTS\lib\</path>
         <kind>archive</kind>
         <file>rtsv7R4_A_le_v3D16_eabi.lib</file>
         <name>strtol.c.obj</name>
      </input_file>
      <input_file id="fl-139">
         <path>C:\ti\ccs920\ccs\tools\compiler\ti-cgt-arm_18.12.4.LTS\lib\</path>
         <kind>archive</kind>
         <file>rtsv7R4_A_le_v3D16_eabi.lib</file>
         <name>strtoll.c.obj</name>
      </input_file>
      <input_file id="fl-13a">
         <path>C:\ti\ccs920\ccs\tools\compiler\ti-cgt-arm_18.12.4.LTS\lib\</path>
         <kind>archive</kind>
         <file>rtsv7R4_A_le_v3D16_eabi.lib</file>
         <name>strtoul.c.obj</name>
      </input_file>
      <input_file id="fl-13b">
         <path>C:\ti\ccs920\ccs\tools\compiler\ti-cgt-arm_18.12.4.LTS\lib\</path>
         <kind>archive</kind>
         <file>rtsv7R4_A_le_v3D16_eabi.lib</file>
         <name>strtoull.c.obj</name>
      </input_file>
      <input_file id="fl-13c">
         <path>C:\ti\ccs920\ccs\tools\compiler\ti-cgt-arm_18.12.4.LTS\lib\</path>
         <kind>archive</kind>
         <file>rtsv7R4_A_le_v3D16_eabi.lib</file>
         <name>hostclose.c.obj</name>
      </input_file>
      <input_file id="fl-13d">
         <path>C:\ti\ccs920\ccs\tools\compiler\ti-cgt-arm_18.12.4.LTS\lib\</path>
         <kind>archive</kind>
         <file>rtsv7R4_A_le_v3D16_eabi.lib</file>
         <name>hostlseek.c.obj</name>
      </input_file>
      <input_file id="fl-13e">
         <path>C:\ti\ccs920\ccs\tools\compiler\ti-cgt-arm_18.12.4.LTS\lib\</path>
         <kind>archive</kind>
         <file>rtsv7R4_A_le_v3D16_eabi.lib</file>
         <name>hostread.c.obj</name>
      </input_file>
      <input_file id="fl-13f">
         <path>C:\ti\ccs920\ccs\tools\compiler\ti-cgt-arm_18.12.4.LTS\lib\</path>
         <kind>archive</kind>
         <file>rtsv7R4_A_le_v3D16_eabi.lib</file>
         <name>hostrename.c.obj</name>
      </input_file>
      <input_file id="fl-140">
         <path>C:\ti\ccs920\ccs\tools\compiler\ti-cgt-arm_18.12.4.LTS\lib\</path>
         <kind>archive</kind>
         <file>rtsv7R4_A_le_v3D16_eabi.lib</file>
         <name>hostunlink.c.obj</name>
      </input_file>
      <input_file id="fl-141">
         <path>C:\ti\ccs920\ccs\tools\compiler\ti-cgt-arm_18.12.4.LTS\lib\</path>
         <kind>archive</kind>
         <file>rtsv7R4_A_le_v3D16_eabi.lib</file>
         <name>hostwrite.c.obj</name>
      </input_file>
      <input_file id="fl-142">
         <path>C:\ti\ccs920\ccs\tools\compiler\ti-cgt-arm_18.12.4.LTS\lib\</path>
         <kind>archive</kind>
         <file>rtsv7R4_A_le_v3D16_eabi.lib</file>
         <name>open.c.obj</name>
      </input_file>
      <input_file id="fl-143">
         <path>C:\ti\ccs920\ccs\tools\compiler\ti-cgt-arm_18.12.4.LTS\lib\</path>
         <kind>archive</kind>
         <file>rtsv7R4_A_le_v3D16_eabi.lib</file>
         <name>lseek.c.obj</name>
      </input_file>
      <input_file id="fl-144">
         <path>C:\ti\ccs920\ccs\tools\compiler\ti-cgt-arm_18.12.4.LTS\lib\</path>
         <kind>archive</kind>
         <file>rtsv7R4_A_le_v3D16_eabi.lib</file>
         <name>s_copysign.c.obj</name>
      </input_file>
      <input_file id="fl-145">
         <path>C:\ti\ccs920\ccs\tools\compiler\ti-cgt-arm_18.12.4.LTS\lib\</path>
         <kind>archive</kind>
         <file>rtsv7R4_A_le_v3D16_eabi.lib</file>
         <name>fclose.c.obj</name>
      </input_file>
      <input_file id="fl-146">
         <path>C:\ti\ccs920\ccs\tools\compiler\ti-cgt-arm_18.12.4.LTS\lib\</path>
         <kind>archive</kind>
         <file>rtsv7R4_A_le_v3D16_eabi.lib</file>
         <name>getdevice.c.obj</name>
      </input_file>
      <input_file id="fl-147">
         <path>C:\ti\ccs920\ccs\tools\compiler\ti-cgt-arm_18.12.4.LTS\lib\</path>
         <kind>archive</kind>
         <file>rtsv7R4_A_le_v3D16_eabi.lib</file>
         <name>strcmp.c.obj</name>
      </input_file>
      <input_file id="fl-148">
         <path>C:\ti\ccs920\ccs\tools\compiler\ti-cgt-arm_18.12.4.LTS\lib\</path>
         <kind>archive</kind>
         <file>rtsv7R4_A_le_v3D16_eabi.lib</file>
         <name>remove.c.obj</name>
      </input_file>
      <input_file id="fl-149">
         <path>C:\ti\ccs920\ccs\tools\compiler\ti-cgt-arm_18.12.4.LTS\lib\</path>
         <kind>archive</kind>
         <file>rtsv7R4_A_le_v3D16_eabi.lib</file>
         <name>close.c.obj</name>
      </input_file>
      <input_file id="fl-14a">
         <path>C:\ti\ccs920\ccs\tools\compiler\ti-cgt-arm_18.12.4.LTS\lib\</path>
         <kind>archive</kind>
         <file>rtsv7R4_A_le_v3D16_eabi.lib</file>
         <name>unlink.c.obj</name>
      </input_file>
   </input_file_list>
   <object_component_list>
      <object_component id="oc-28">
         <name>.intvecs</name>
         <load_address>0x0</load_address>
         <run_address>0x0</run_address>
         <size>0x20</size>
         <input_file_ref idref="fl-3f"/>
      </object_component>
      <object_component id="oc-131">
         <name>.text</name>
         <load_address>0x20</load_address>
         <run_address>0x20</run_address>
         <size>0x9e4</size>
         <input_file_ref idref="fl-38"/>
      </object_component>
      <object_component id="oc-d7">
         <name>.text</name>
         <load_address>0xa04</load_address>
         <run_address>0xa04</run_address>
         <size>0x9c4</size>
         <input_file_ref idref="fl-3b"/>
      </object_component>
      <object_component id="oc-6a">
         <name>.text</name>
         <load_address>0x13c8</load_address>
         <run_address>0x13c8</run_address>
         <size>0x99c</size>
         <input_file_ref idref="fl-48"/>
      </object_component>
      <object_component id="oc-37">
         <name>.text</name>
         <load_address>0x1d64</load_address>
         <run_address>0x1d64</run_address>
         <size>0x938</size>
         <input_file_ref idref="fl-47"/>
      </object_component>
      <object_component id="oc-125">
         <name>.text</name>
         <load_address>0x269c</load_address>
         <run_address>0x269c</run_address>
         <size>0x870</size>
         <input_file_ref idref="fl-3c"/>
      </object_component>
      <object_component id="oc-82">
         <name>.text</name>
         <load_address>0x2f0c</load_address>
         <run_address>0x2f0c</run_address>
         <size>0x78c</size>
         <input_file_ref idref="fl-36"/>
      </object_component>
      <object_component id="oc-70">
         <name>.text</name>
         <load_address>0x3698</load_address>
         <run_address>0x3698</run_address>
         <size>0x664</size>
         <input_file_ref idref="fl-35"/>
      </object_component>
      <object_component id="oc-137">
         <name>.text</name>
         <load_address>0x3cfc</load_address>
         <run_address>0x3cfc</run_address>
         <size>0x50c</size>
         <input_file_ref idref="fl-32"/>
      </object_component>
      <object_component id="oc-12b">
         <name>.text</name>
         <load_address>0x4208</load_address>
         <run_address>0x4208</run_address>
         <size>0x484</size>
         <input_file_ref idref="fl-37"/>
      </object_component>
      <object_component id="oc-65">
         <name>.text</name>
         <load_address>0x468c</load_address>
         <run_address>0x468c</run_address>
         <size>0x3c4</size>
         <input_file_ref idref="fl-3d"/>
      </object_component>
      <object_component id="oc-88">
         <name>.text</name>
         <load_address>0x4a50</load_address>
         <run_address>0x4a50</run_address>
         <size>0x36c</size>
         <input_file_ref idref="fl-41"/>
      </object_component>
      <object_component id="oc-33">
         <name>.text:retain</name>
         <load_address>0x4dbc</load_address>
         <run_address>0x4dbc</run_address>
         <size>0x33c</size>
         <input_file_ref idref="fl-47"/>
      </object_component>
      <object_component id="oc-1f">
         <name>.text:retain</name>
         <load_address>0x50f8</load_address>
         <run_address>0x50f8</run_address>
         <size>0x178</size>
         <input_file_ref idref="fl-36"/>
      </object_component>
      <object_component id="oc-1d0">
         <name>.text:floor</name>
         <load_address>0x5270</load_address>
         <run_address>0x5270</run_address>
         <size>0x134</size>
         <input_file_ref idref="fl-102"/>
      </object_component>
      <object_component id="oc-19">
         <name>.text:retain</name>
         <load_address>0x53a4</load_address>
         <run_address>0x53a4</run_address>
         <size>0xd8</size>
         <input_file_ref idref="fl-46"/>
      </object_component>
      <object_component id="oc-8e">
         <name>.text</name>
         <load_address>0x547c</load_address>
         <run_address>0x547c</run_address>
         <size>0xbc</size>
         <input_file_ref idref="fl-40"/>
      </object_component>
      <object_component id="oc-d0">
         <name>.text</name>
         <load_address>0x5538</load_address>
         <run_address>0x5538</run_address>
         <size>0xb0</size>
         <input_file_ref idref="fl-112"/>
      </object_component>
      <object_component id="oc-7c">
         <name>.text</name>
         <load_address>0x55e8</load_address>
         <run_address>0x55e8</run_address>
         <size>0x9c</size>
         <input_file_ref idref="fl-3a"/>
      </object_component>
      <object_component id="oc-f5">
         <name>.text:__TI_auto_init_nobinit_nopinit:__TI_auto_init_nobinit_nopinit</name>
         <load_address>0x5684</load_address>
         <run_address>0x5684</run_address>
         <size>0x68</size>
         <input_file_ref idref="fl-116"/>
      </object_component>
      <object_component id="oc-5f">
         <name>.text:decompress:ZI:__TI_zero_init</name>
         <load_address>0x56ec</load_address>
         <run_address>0x56ec</run_address>
         <size>0x10</size>
         <input_file_ref idref="fl-118"/>
      </object_component>
      <object_component id="oc-13f">
         <name>.text:abort:abort</name>
         <load_address>0x56fc</load_address>
         <run_address>0x56fc</run_address>
         <size>0x8</size>
         <input_file_ref idref="fl-11b"/>
      </object_component>
      <object_component id="oc-76">
         <name>.text</name>
         <load_address>0x5704</load_address>
         <run_address>0x5704</run_address>
         <size>0x4</size>
         <input_file_ref idref="fl-46"/>
      </object_component>
      <object_component id="oc-2d">
         <name>.text:retain</name>
         <load_address>0x5708</load_address>
         <run_address>0x5708</run_address>
         <size>0x4</size>
         <input_file_ref idref="fl-43"/>
      </object_component>
      <object_component id="oc-25">
         <name>.const:s_vim_init</name>
         <load_address>0x5720</load_address>
         <run_address>0x5720</run_address>
         <size>0x200</size>
         <input_file_ref idref="fl-47"/>
      </object_component>
      <object_component id="oc-29f">
         <name>.cinit..bss.load</name>
         <load_address>0x5920</load_address>
         <run_address>0x5920</run_address>
         <size>0x8</size>
      </object_component>
      <object_component id="oc-29d">
         <name>__TI_handler_table</name>
         <load_address>0x5928</load_address>
         <run_address>0x5928</run_address>
         <size>0x4</size>
      </object_component>
      <object_component id="oc-29e">
         <name>__TI_cinit_table</name>
         <load_address>0x592c</load_address>
         <run_address>0x592c</run_address>
         <size>0x8</size>
      </object_component>
      <object_component id="oc-1dd">
         <name>.bss:g_i2cTransfer_t</name>
         <uninitialized>true</uninitialized>
         <run_address>0x8033550</run_address>
         <size>0x18</size>
         <input_file_ref idref="fl-38"/>
      </object_component>
      <object_component id="oc-1d6">
         <name>.bss:g_sciTransfer_t</name>
         <uninitialized>true</uninitialized>
         <run_address>0x8033500</run_address>
         <size>0x50</size>
         <input_file_ref idref="fl-3c"/>
      </object_component>
      <object_component id="oc-1e2">
         <name>.common:pixelDataArray</name>
         <uninitialized>true</uninitialized>
         <run_address>0x8001500</run_address>
         <size>0x32000</size>
      </object_component>
      <object_component id="oc-3f">
         <name>.sysmem</name>
         <uninitialized>true</uninitialized>
         <run_address>0x8033568</run_address>
         <size>0x10</size>
         <input_file_ref idref="fl-123"/>
      </object_component>
      <object_component id="oc-2a0">
         <name>.sysmem</name>
         <uninitialized>true</uninitialized>
         <run_address>0x8033568</run_address>
         <size>0x0</size>
      </object_component>
      <object_component id="oc-1f7">
         <name>.debug_info</name>
         <load_address>0x0</load_address>
         <run_address>0x0</run_address>
         <size>0x7bd</size>
         <input_file_ref idref="fl-3"/>
      </object_component>
      <object_component id="oc-24d">
         <name>.debug_info</name>
         <load_address>0x7bd</load_address>
         <run_address>0x7bd</run_address>
         <size>0xbe</size>
         <input_file_ref idref="fl-3"/>
      </object_component>
      <object_component id="oc-252">
         <name>.debug_info</name>
         <load_address>0x87b</load_address>
         <run_address>0x87b</run_address>
         <size>0x188f</size>
         <input_file_ref idref="fl-3"/>
      </object_component>
      <object_component id="oc-25c">
         <name>.debug_info</name>
         <load_address>0x210a</load_address>
         <run_address>0x210a</run_address>
         <size>0x6ca</size>
         <input_file_ref idref="fl-3"/>
      </object_component>
      <object_component id="oc-152">
         <name>.debug_info</name>
         <load_address>0x27d4</load_address>
         <run_address>0x27d4</run_address>
         <size>0x26b</size>
         <input_file_ref idref="fl-3"/>
      </object_component>
      <object_component id="oc-48">
         <name>.debug_info</name>
         <load_address>0x2a3f</load_address>
         <run_address>0x2a3f</run_address>
         <size>0x84</size>
         <input_file_ref idref="fl-3"/>
      </object_component>
      <object_component id="oc-1f2">
         <name>.debug_info</name>
         <load_address>0x2ac3</load_address>
         <run_address>0x2ac3</run_address>
         <size>0x297</size>
         <input_file_ref idref="fl-3"/>
      </object_component>
      <object_component id="oc-257">
         <name>.debug_info</name>
         <load_address>0x2d5a</load_address>
         <run_address>0x2d5a</run_address>
         <size>0x53</size>
         <input_file_ref idref="fl-3"/>
      </object_component>
      <object_component id="oc-9c">
         <name>.debug_info</name>
         <load_address>0x2dad</load_address>
         <run_address>0x2dad</run_address>
         <size>0x157</size>
         <input_file_ref idref="fl-31"/>
      </object_component>
      <object_component id="oc-ad">
         <name>.debug_info</name>
         <load_address>0x2f04</load_address>
         <run_address>0x2f04</run_address>
         <size>0x8b</size>
         <input_file_ref idref="fl-31"/>
      </object_component>
      <object_component id="oc-14b">
         <name>.debug_info</name>
         <load_address>0x2f8f</load_address>
         <run_address>0x2f8f</run_address>
         <size>0xbb</size>
         <input_file_ref idref="fl-31"/>
      </object_component>
      <object_component id="oc-b2">
         <name>.debug_info</name>
         <load_address>0x304a</load_address>
         <run_address>0x304a</run_address>
         <size>0x86</size>
         <input_file_ref idref="fl-31"/>
      </object_component>
      <object_component id="oc-1e3">
         <name>.debug_info</name>
         <load_address>0x30d0</load_address>
         <run_address>0x30d0</run_address>
         <size>0x5d6</size>
         <input_file_ref idref="fl-32"/>
      </object_component>
      <object_component id="oc-138">
         <name>.debug_info</name>
         <load_address>0x36a6</load_address>
         <run_address>0x36a6</run_address>
         <size>0x941</size>
         <input_file_ref idref="fl-32"/>
      </object_component>
      <object_component id="oc-166">
         <name>.debug_info</name>
         <load_address>0x3fe7</load_address>
         <run_address>0x3fe7</run_address>
         <size>0x1f9</size>
         <input_file_ref idref="fl-32"/>
      </object_component>
      <object_component id="oc-228">
         <name>.debug_info</name>
         <load_address>0x41e0</load_address>
         <run_address>0x41e0</run_address>
         <size>0x12a</size>
         <input_file_ref idref="fl-32"/>
      </object_component>
      <object_component id="oc-1b5">
         <name>.debug_info</name>
         <load_address>0x430a</load_address>
         <run_address>0x430a</run_address>
         <size>0x26a</size>
         <input_file_ref idref="fl-32"/>
      </object_component>
      <object_component id="oc-236">
         <name>.debug_info</name>
         <load_address>0x4574</load_address>
         <run_address>0x4574</run_address>
         <size>0x34f</size>
         <input_file_ref idref="fl-32"/>
      </object_component>
      <object_component id="oc-17f">
         <name>.debug_info</name>
         <load_address>0x48c3</load_address>
         <run_address>0x48c3</run_address>
         <size>0x378</size>
         <input_file_ref idref="fl-33"/>
      </object_component>
      <object_component id="oc-96">
         <name>.debug_info</name>
         <load_address>0x4c3b</load_address>
         <run_address>0x4c3b</run_address>
         <size>0x429</size>
         <input_file_ref idref="fl-33"/>
      </object_component>
      <object_component id="oc-a8">
         <name>.debug_info</name>
         <load_address>0x5064</load_address>
         <run_address>0x5064</run_address>
         <size>0x18c</size>
         <input_file_ref idref="fl-33"/>
      </object_component>
      <object_component id="oc-157">
         <name>.debug_info</name>
         <load_address>0x51f0</load_address>
         <run_address>0x51f0</run_address>
         <size>0x102</size>
         <input_file_ref idref="fl-33"/>
      </object_component>
      <object_component id="oc-1b0">
         <name>.debug_info</name>
         <load_address>0x52f2</load_address>
         <run_address>0x52f2</run_address>
         <size>0x142</size>
         <input_file_ref idref="fl-33"/>
      </object_component>
      <object_component id="oc-15c">
         <name>.debug_info</name>
         <load_address>0x5434</load_address>
         <run_address>0x5434</run_address>
         <size>0x285</size>
         <input_file_ref idref="fl-33"/>
      </object_component>
      <object_component id="oc-161">
         <name>.debug_info</name>
         <load_address>0x56b9</load_address>
         <run_address>0x56b9</run_address>
         <size>0x44a</size>
         <input_file_ref idref="fl-33"/>
      </object_component>
      <object_component id="oc-16b">
         <name>.debug_info</name>
         <load_address>0x5b03</load_address>
         <run_address>0x5b03</run_address>
         <size>0x152</size>
         <input_file_ref idref="fl-33"/>
      </object_component>
      <object_component id="oc-170">
         <name>.debug_info</name>
         <load_address>0x5c55</load_address>
         <run_address>0x5c55</run_address>
         <size>0x70a</size>
         <input_file_ref idref="fl-33"/>
      </object_component>
      <object_component id="oc-175">
         <name>.debug_info</name>
         <load_address>0x635f</load_address>
         <run_address>0x635f</run_address>
         <size>0x36d</size>
         <input_file_ref idref="fl-33"/>
      </object_component>
      <object_component id="oc-1a8">
         <name>.debug_info</name>
         <load_address>0x66cc</load_address>
         <run_address>0x66cc</run_address>
         <size>0x2b2</size>
         <input_file_ref idref="fl-35"/>
      </object_component>
      <object_component id="oc-73">
         <name>.debug_info</name>
         <load_address>0x697e</load_address>
         <run_address>0x697e</run_address>
         <size>0x651</size>
         <input_file_ref idref="fl-35"/>
      </object_component>
      <object_component id="oc-e0">
         <name>.debug_info</name>
         <load_address>0x6fcf</load_address>
         <run_address>0x6fcf</run_address>
         <size>0x9e7</size>
         <input_file_ref idref="fl-35"/>
      </object_component>
      <object_component id="oc-f3">
         <name>.debug_info</name>
         <load_address>0x79b6</load_address>
         <run_address>0x79b6</run_address>
         <size>0x344</size>
         <input_file_ref idref="fl-36"/>
      </object_component>
      <object_component id="oc-83">
         <name>.debug_info</name>
         <load_address>0x7cfa</load_address>
         <run_address>0x7cfa</run_address>
         <size>0x10b9</size>
         <input_file_ref idref="fl-36"/>
      </object_component>
      <object_component id="oc-21">
         <name>.debug_info</name>
         <load_address>0x8db3</load_address>
         <run_address>0x8db3</run_address>
         <size>0x1a1</size>
         <input_file_ref idref="fl-36"/>
      </object_component>
      <object_component id="oc-ee">
         <name>.debug_info</name>
         <load_address>0x8f54</load_address>
         <run_address>0x8f54</run_address>
         <size>0x168</size>
         <input_file_ref idref="fl-36"/>
      </object_component>
      <object_component id="oc-1dc">
         <name>.debug_info</name>
         <load_address>0x90bc</load_address>
         <run_address>0x90bc</run_address>
         <size>0x2a9</size>
         <input_file_ref idref="fl-37"/>
      </object_component>
      <object_component id="oc-12e">
         <name>.debug_info</name>
         <load_address>0x9365</load_address>
         <run_address>0x9365</run_address>
         <size>0x713</size>
         <input_file_ref idref="fl-37"/>
      </object_component>
      <object_component id="oc-1e1">
         <name>.debug_info</name>
         <load_address>0x9a78</load_address>
         <run_address>0x9a78</run_address>
         <size>0x2c2</size>
         <input_file_ref idref="fl-38"/>
      </object_component>
      <object_component id="oc-1de">
         <name>.debug_info</name>
         <load_address>0x9d3a</load_address>
         <run_address>0x9d3a</run_address>
         <size>0xde</size>
         <input_file_ref idref="fl-38"/>
      </object_component>
      <object_component id="oc-132">
         <name>.debug_info</name>
         <load_address>0x9e18</load_address>
         <run_address>0x9e18</run_address>
         <size>0x1099</size>
         <input_file_ref idref="fl-38"/>
      </object_component>
      <object_component id="oc-231">
         <name>.debug_info</name>
         <load_address>0xaeb1</load_address>
         <run_address>0xaeb1</run_address>
         <size>0x69</size>
         <input_file_ref idref="fl-38"/>
      </object_component>
      <object_component id="oc-e7">
         <name>.debug_info</name>
         <load_address>0xaf1a</load_address>
         <run_address>0xaf1a</run_address>
         <size>0x388</size>
         <input_file_ref idref="fl-3a"/>
      </object_component>
      <object_component id="oc-7e">
         <name>.debug_info</name>
         <load_address>0xb2a2</load_address>
         <run_address>0xb2a2</run_address>
         <size>0x783</size>
         <input_file_ref idref="fl-3a"/>
      </object_component>
      <object_component id="oc-1ab">
         <name>.debug_info</name>
         <load_address>0xba25</load_address>
         <run_address>0xba25</run_address>
         <size>0xadd</size>
         <input_file_ref idref="fl-3a"/>
      </object_component>
      <object_component id="oc-e8">
         <name>.debug_info</name>
         <load_address>0xc502</load_address>
         <run_address>0xc502</run_address>
         <size>0x6eb</size>
         <input_file_ref idref="fl-3a"/>
      </object_component>
      <object_component id="oc-1ba">
         <name>.debug_info</name>
         <load_address>0xcbed</load_address>
         <run_address>0xcbed</run_address>
         <size>0x243</size>
         <input_file_ref idref="fl-3a"/>
      </object_component>
      <object_component id="oc-221">
         <name>.debug_info</name>
         <load_address>0xce30</load_address>
         <run_address>0xce30</run_address>
         <size>0x18e</size>
         <input_file_ref idref="fl-3a"/>
      </object_component>
      <object_component id="oc-1fb">
         <name>.debug_info</name>
         <load_address>0xcfbe</load_address>
         <run_address>0xcfbe</run_address>
         <size>0x2ab</size>
         <input_file_ref idref="fl-3b"/>
      </object_component>
      <object_component id="oc-d8">
         <name>.debug_info</name>
         <load_address>0xd269</load_address>
         <run_address>0xd269</run_address>
         <size>0x115</size>
         <input_file_ref idref="fl-3b"/>
      </object_component>
      <object_component id="oc-1a3">
         <name>.debug_info</name>
         <load_address>0xd37e</load_address>
         <run_address>0xd37e</run_address>
         <size>0x199</size>
         <input_file_ref idref="fl-3b"/>
      </object_component>
      <object_component id="oc-1da">
         <name>.debug_info</name>
         <load_address>0xd517</load_address>
         <run_address>0xd517</run_address>
         <size>0x2f6</size>
         <input_file_ref idref="fl-3c"/>
      </object_component>
      <object_component id="oc-1d7">
         <name>.debug_info</name>
         <load_address>0xd80d</load_address>
         <run_address>0xd80d</run_address>
         <size>0xde</size>
         <input_file_ref idref="fl-3c"/>
      </object_component>
      <object_component id="oc-126">
         <name>.debug_info</name>
         <load_address>0xd8eb</load_address>
         <run_address>0xd8eb</run_address>
         <size>0xc96</size>
         <input_file_ref idref="fl-3c"/>
      </object_component>
      <object_component id="oc-21c">
         <name>.debug_info</name>
         <load_address>0xe581</load_address>
         <run_address>0xe581</run_address>
         <size>0x91</size>
         <input_file_ref idref="fl-3c"/>
      </object_component>
      <object_component id="oc-66">
         <name>.debug_info</name>
         <load_address>0xe612</load_address>
         <run_address>0xe612</run_address>
         <size>0x808</size>
         <input_file_ref idref="fl-3d"/>
      </object_component>
      <object_component id="oc-29">
         <name>.debug_info</name>
         <load_address>0xee1a</load_address>
         <run_address>0xee1a</run_address>
         <size>0xfe</size>
         <input_file_ref idref="fl-3f"/>
      </object_component>
      <object_component id="oc-13e">
         <name>.debug_info</name>
         <load_address>0xef18</load_address>
         <run_address>0xef18</run_address>
         <size>0x3a7</size>
         <input_file_ref idref="fl-40"/>
      </object_component>
      <object_component id="oc-90">
         <name>.debug_info</name>
         <load_address>0xf2bf</load_address>
         <run_address>0xf2bf</run_address>
         <size>0x233</size>
         <input_file_ref idref="fl-40"/>
      </object_component>
      <object_component id="oc-8b">
         <name>.debug_info</name>
         <load_address>0xf4f2</load_address>
         <run_address>0xf4f2</run_address>
         <size>0x435</size>
         <input_file_ref idref="fl-41"/>
      </object_component>
      <object_component id="oc-1fa">
         <name>.debug_info</name>
         <load_address>0xf927</load_address>
         <run_address>0xf927</run_address>
         <size>0x2ec</size>
         <input_file_ref idref="fl-42"/>
      </object_component>
      <object_component id="oc-19e">
         <name>.debug_info</name>
         <load_address>0xfc13</load_address>
         <run_address>0xfc13</run_address>
         <size>0x457</size>
         <input_file_ref idref="fl-42"/>
      </object_component>
      <object_component id="oc-2f">
         <name>.debug_info</name>
         <load_address>0x1006a</load_address>
         <run_address>0x1006a</run_address>
         <size>0x136</size>
         <input_file_ref idref="fl-43"/>
      </object_component>
      <object_component id="oc-1a">
         <name>.debug_info</name>
         <load_address>0x101a0</load_address>
         <run_address>0x101a0</run_address>
         <size>0x2d6</size>
         <input_file_ref idref="fl-46"/>
      </object_component>
      <object_component id="oc-78">
         <name>.debug_info</name>
         <load_address>0x10476</load_address>
         <run_address>0x10476</run_address>
         <size>0x12f</size>
         <input_file_ref idref="fl-46"/>
      </object_component>
      <object_component id="oc-a3">
         <name>.debug_info</name>
         <load_address>0x105a5</load_address>
         <run_address>0x105a5</run_address>
         <size>0x447</size>
         <input_file_ref idref="fl-47"/>
      </object_component>
      <object_component id="oc-26">
         <name>.debug_info</name>
         <load_address>0x109ec</load_address>
         <run_address>0x109ec</run_address>
         <size>0xd8</size>
         <input_file_ref idref="fl-47"/>
      </object_component>
      <object_component id="oc-39">
         <name>.debug_info</name>
         <load_address>0x10ac4</load_address>
         <run_address>0x10ac4</run_address>
         <size>0x488</size>
         <input_file_ref idref="fl-47"/>
      </object_component>
      <object_component id="oc-34">
         <name>.debug_info</name>
         <load_address>0x10f4c</load_address>
         <run_address>0x10f4c</run_address>
         <size>0x1f3</size>
         <input_file_ref idref="fl-47"/>
      </object_component>
      <object_component id="oc-17a">
         <name>.debug_info</name>
         <load_address>0x1113f</load_address>
         <run_address>0x1113f</run_address>
         <size>0x4f</size>
         <input_file_ref idref="fl-47"/>
      </object_component>
      <object_component id="oc-de">
         <name>.debug_info</name>
         <load_address>0x1118e</load_address>
         <run_address>0x1118e</run_address>
         <size>0x3da</size>
         <input_file_ref idref="fl-48"/>
      </object_component>
      <object_component id="oc-6d">
         <name>.debug_info</name>
         <load_address>0x11568</load_address>
         <run_address>0x11568</run_address>
         <size>0x635</size>
         <input_file_ref idref="fl-48"/>
      </object_component>
      <object_component id="oc-217">
         <name>.debug_info</name>
         <load_address>0x11b9d</load_address>
         <run_address>0x11b9d</run_address>
         <size>0x28e</size>
         <input_file_ref idref="fl-102"/>
      </object_component>
      <object_component id="oc-1d1">
         <name>.debug_info</name>
         <load_address>0x11e2b</load_address>
         <run_address>0x11e2b</run_address>
         <size>0x19f</size>
         <input_file_ref idref="fl-102"/>
      </object_component>
      <object_component id="oc-271">
         <name>.debug_info</name>
         <load_address>0x11fca</load_address>
         <run_address>0x11fca</run_address>
         <size>0x46</size>
         <input_file_ref idref="fl-102"/>
      </object_component>
      <object_component id="oc-212">
         <name>.debug_info</name>
         <load_address>0x12010</load_address>
         <run_address>0x12010</run_address>
         <size>0x39</size>
         <input_file_ref idref="fl-102"/>
      </object_component>
      <object_component id="oc-193">
         <name>.debug_info</name>
         <load_address>0x12049</load_address>
         <run_address>0x12049</run_address>
         <size>0x2c</size>
         <input_file_ref idref="fl-10a"/>
      </object_component>
      <object_component id="oc-d3">
         <name>.debug_info</name>
         <load_address>0x12075</load_address>
         <run_address>0x12075</run_address>
         <size>0x14b</size>
         <input_file_ref idref="fl-112"/>
      </object_component>
      <object_component id="oc-1c2">
         <name>.debug_info</name>
         <load_address>0x121c0</load_address>
         <run_address>0x121c0</run_address>
         <size>0x4b2</size>
         <input_file_ref idref="fl-116"/>
      </object_component>
      <object_component id="oc-f7">
         <name>.debug_info</name>
         <load_address>0x12672</load_address>
         <run_address>0x12672</run_address>
         <size>0x1a5</size>
         <input_file_ref idref="fl-116"/>
      </object_component>
      <object_component id="oc-200">
         <name>.debug_info</name>
         <load_address>0x12817</load_address>
         <run_address>0x12817</run_address>
         <size>0x39</size>
         <input_file_ref idref="fl-116"/>
      </object_component>
      <object_component id="oc-265">
         <name>.debug_info</name>
         <load_address>0x12850</load_address>
         <run_address>0x12850</run_address>
         <size>0x39</size>
         <input_file_ref idref="fl-116"/>
      </object_component>
      <object_component id="oc-205">
         <name>.debug_info</name>
         <load_address>0x12889</load_address>
         <run_address>0x12889</run_address>
         <size>0x39</size>
         <input_file_ref idref="fl-116"/>
      </object_component>
      <object_component id="oc-20a">
         <name>.debug_info</name>
         <load_address>0x128c2</load_address>
         <run_address>0x128c2</run_address>
         <size>0xcd</size>
         <input_file_ref idref="fl-116"/>
      </object_component>
      <object_component id="oc-cf">
         <name>.debug_info</name>
         <load_address>0x1298f</load_address>
         <run_address>0x1298f</run_address>
         <size>0x2ce</size>
         <input_file_ref idref="fl-118"/>
      </object_component>
      <object_component id="oc-60">
         <name>.debug_info</name>
         <load_address>0x12c5d</load_address>
         <run_address>0x12c5d</run_address>
         <size>0x19f</size>
         <input_file_ref idref="fl-118"/>
      </object_component>
      <object_component id="oc-ca">
         <name>.debug_info</name>
         <load_address>0x12dfc</load_address>
         <run_address>0x12dfc</run_address>
         <size>0x46</size>
         <input_file_ref idref="fl-118"/>
      </object_component>
      <object_component id="oc-140">
         <name>.debug_info</name>
         <load_address>0x12e42</load_address>
         <run_address>0x12e42</run_address>
         <size>0x121</size>
         <input_file_ref idref="fl-11b"/>
      </object_component>
      <object_component id="oc-b9">
         <name>.debug_info</name>
         <load_address>0x12f63</load_address>
         <run_address>0x12f63</run_address>
         <size>0x3b1</size>
         <input_file_ref idref="fl-123"/>
      </object_component>
      <object_component id="oc-40">
         <name>.debug_info</name>
         <load_address>0x13314</load_address>
         <run_address>0x13314</run_address>
         <size>0x10b</size>
         <input_file_ref idref="fl-123"/>
      </object_component>
      <object_component id="oc-187">
         <name>.debug_info</name>
         <load_address>0x1341f</load_address>
         <run_address>0x1341f</run_address>
         <size>0xb2</size>
         <input_file_ref idref="fl-123"/>
      </object_component>
      <object_component id="oc-182">
         <name>.debug_info</name>
         <load_address>0x134d1</load_address>
         <run_address>0x134d1</run_address>
         <size>0x2c</size>
         <input_file_ref idref="fl-123"/>
      </object_component>
      <object_component id="oc-2a1">
         <name>.debug_info</name>
         <load_address>0x134fd</load_address>
         <run_address>0x134fd</run_address>
         <size>0x97</size>
      </object_component>
      <object_component id="oc-24c">
         <name>.debug_line</name>
         <load_address>0x0</load_address>
         <run_address>0x0</run_address>
         <size>0x20</size>
         <input_file_ref idref="fl-3"/>
      </object_component>
      <object_component id="oc-250">
         <name>.debug_line</name>
         <load_address>0x20</load_address>
         <run_address>0x20</run_address>
         <size>0x39</size>
         <input_file_ref idref="fl-3"/>
      </object_component>
      <object_component id="oc-255">
         <name>.debug_line</name>
         <load_address>0x59</load_address>
         <run_address>0x59</run_address>
         <size>0x38</size>
         <input_file_ref idref="fl-3"/>
      </object_component>
      <object_component id="oc-25f">
         <name>.debug_line</name>
         <load_address>0x91</load_address>
         <run_address>0x91</run_address>
         <size>0x38</size>
         <input_file_ref idref="fl-3"/>
      </object_component>
      <object_component id="oc-155">
         <name>.debug_line</name>
         <load_address>0xc9</load_address>
         <run_address>0xc9</run_address>
         <size>0x6f</size>
         <input_file_ref idref="fl-3"/>
      </object_component>
      <object_component id="oc-4b">
         <name>.debug_line</name>
         <load_address>0x138</load_address>
         <run_address>0x138</run_address>
         <size>0x20</size>
         <input_file_ref idref="fl-3"/>
      </object_component>
      <object_component id="oc-1f5">
         <name>.debug_line</name>
         <load_address>0x158</load_address>
         <run_address>0x158</run_address>
         <size>0x73</size>
         <input_file_ref idref="fl-3"/>
      </object_component>
      <object_component id="oc-25a">
         <name>.debug_line</name>
         <load_address>0x1cb</load_address>
         <run_address>0x1cb</run_address>
         <size>0x6b</size>
         <input_file_ref idref="fl-3"/>
      </object_component>
      <object_component id="oc-9f">
         <name>.debug_line</name>
         <load_address>0x236</load_address>
         <run_address>0x236</run_address>
         <size>0x5f</size>
         <input_file_ref idref="fl-31"/>
      </object_component>
      <object_component id="oc-b0">
         <name>.debug_line</name>
         <load_address>0x295</load_address>
         <run_address>0x295</run_address>
         <size>0x20</size>
         <input_file_ref idref="fl-31"/>
      </object_component>
      <object_component id="oc-14e">
         <name>.debug_line</name>
         <load_address>0x2b5</load_address>
         <run_address>0x2b5</run_address>
         <size>0x70</size>
         <input_file_ref idref="fl-31"/>
      </object_component>
      <object_component id="oc-b5">
         <name>.debug_line</name>
         <load_address>0x325</load_address>
         <run_address>0x325</run_address>
         <size>0x5d</size>
         <input_file_ref idref="fl-31"/>
      </object_component>
      <object_component id="oc-23c">
         <name>.debug_line</name>
         <load_address>0x382</load_address>
         <run_address>0x382</run_address>
         <size>0xa2</size>
         <input_file_ref idref="fl-32"/>
      </object_component>
      <object_component id="oc-13c">
         <name>.debug_line</name>
         <load_address>0x424</load_address>
         <run_address>0x424</run_address>
         <size>0x22d</size>
         <input_file_ref idref="fl-32"/>
      </object_component>
      <object_component id="oc-169">
         <name>.debug_line</name>
         <load_address>0x651</load_address>
         <run_address>0x651</run_address>
         <size>0x5a</size>
         <input_file_ref idref="fl-32"/>
      </object_component>
      <object_component id="oc-22b">
         <name>.debug_line</name>
         <load_address>0x6ab</load_address>
         <run_address>0x6ab</run_address>
         <size>0x56</size>
         <input_file_ref idref="fl-32"/>
      </object_component>
      <object_component id="oc-1b8">
         <name>.debug_line</name>
         <load_address>0x701</load_address>
         <run_address>0x701</run_address>
         <size>0x5a</size>
         <input_file_ref idref="fl-32"/>
      </object_component>
      <object_component id="oc-239">
         <name>.debug_line</name>
         <load_address>0x75b</load_address>
         <run_address>0x75b</run_address>
         <size>0x56</size>
         <input_file_ref idref="fl-32"/>
      </object_component>
      <object_component id="oc-1f9">
         <name>.debug_line</name>
         <load_address>0x7b1</load_address>
         <run_address>0x7b1</run_address>
         <size>0x20</size>
         <input_file_ref idref="fl-33"/>
      </object_component>
      <object_component id="oc-99">
         <name>.debug_line</name>
         <load_address>0x7d1</load_address>
         <run_address>0x7d1</run_address>
         <size>0x59</size>
         <input_file_ref idref="fl-33"/>
      </object_component>
      <object_component id="oc-ab">
         <name>.debug_line</name>
         <load_address>0x82a</load_address>
         <run_address>0x82a</run_address>
         <size>0x5a</size>
         <input_file_ref idref="fl-33"/>
      </object_component>
      <object_component id="oc-15a">
         <name>.debug_line</name>
         <load_address>0x884</load_address>
         <run_address>0x884</run_address>
         <size>0x5c</size>
         <input_file_ref idref="fl-33"/>
      </object_component>
      <object_component id="oc-1b3">
         <name>.debug_line</name>
         <load_address>0x8e0</load_address>
         <run_address>0x8e0</run_address>
         <size>0x5a</size>
         <input_file_ref idref="fl-33"/>
      </object_component>
      <object_component id="oc-15f">
         <name>.debug_line</name>
         <load_address>0x93a</load_address>
         <run_address>0x93a</run_address>
         <size>0x5a</size>
         <input_file_ref idref="fl-33"/>
      </object_component>
      <object_component id="oc-164">
         <name>.debug_line</name>
         <load_address>0x994</load_address>
         <run_address>0x994</run_address>
         <size>0x5c</size>
         <input_file_ref idref="fl-33"/>
      </object_component>
      <object_component id="oc-16e">
         <name>.debug_line</name>
         <load_address>0x9f0</load_address>
         <run_address>0x9f0</run_address>
         <size>0x5d</size>
         <input_file_ref idref="fl-33"/>
      </object_component>
      <object_component id="oc-173">
         <name>.debug_line</name>
         <load_address>0xa4d</load_address>
         <run_address>0xa4d</run_address>
         <size>0x5d</size>
         <input_file_ref idref="fl-33"/>
      </object_component>
      <object_component id="oc-178">
         <name>.debug_line</name>
         <load_address>0xaaa</load_address>
         <run_address>0xaaa</run_address>
         <size>0x5a</size>
         <input_file_ref idref="fl-33"/>
      </object_component>
      <object_component id="oc-1fd">
         <name>.debug_line</name>
         <load_address>0xb04</load_address>
         <run_address>0xb04</run_address>
         <size>0x20</size>
         <input_file_ref idref="fl-35"/>
      </object_component>
      <object_component id="oc-75">
         <name>.debug_line</name>
         <load_address>0xb24</load_address>
         <run_address>0xb24</run_address>
         <size>0x1fe</size>
         <input_file_ref idref="fl-35"/>
      </object_component>
      <object_component id="oc-e3">
         <name>.debug_line</name>
         <load_address>0xd22</load_address>
         <run_address>0xd22</run_address>
         <size>0x69</size>
         <input_file_ref idref="fl-35"/>
      </object_component>
      <object_component id="oc-1c0">
         <name>.debug_line</name>
         <load_address>0xd8b</load_address>
         <run_address>0xd8b</run_address>
         <size>0x56</size>
         <input_file_ref idref="fl-36"/>
      </object_component>
      <object_component id="oc-86">
         <name>.debug_line</name>
         <load_address>0xde1</load_address>
         <run_address>0xde1</run_address>
         <size>0x365</size>
         <input_file_ref idref="fl-36"/>
      </object_component>
      <object_component id="oc-20">
         <name>.debug_line</name>
         <load_address>0x1146</load_address>
         <run_address>0x1146</run_address>
         <size>0x7c</size>
         <input_file_ref idref="fl-36"/>
      </object_component>
      <object_component id="oc-f1">
         <name>.debug_line</name>
         <load_address>0x11c2</load_address>
         <run_address>0x11c2</run_address>
         <size>0x56</size>
         <input_file_ref idref="fl-36"/>
      </object_component>
      <object_component id="oc-227">
         <name>.debug_line</name>
         <load_address>0x1218</load_address>
         <run_address>0x1218</run_address>
         <size>0x20</size>
         <input_file_ref idref="fl-37"/>
      </object_component>
      <object_component id="oc-12c">
         <name>.debug_line</name>
         <load_address>0x1238</load_address>
         <run_address>0x1238</run_address>
         <size>0x199</size>
         <input_file_ref idref="fl-37"/>
      </object_component>
      <object_component id="oc-230">
         <name>.debug_line</name>
         <load_address>0x13d1</load_address>
         <run_address>0x13d1</run_address>
         <size>0x20</size>
         <input_file_ref idref="fl-38"/>
      </object_component>
      <object_component id="oc-22e">
         <name>.debug_line</name>
         <load_address>0x13f1</load_address>
         <run_address>0x13f1</run_address>
         <size>0x36</size>
         <input_file_ref idref="fl-38"/>
      </object_component>
      <object_component id="oc-135">
         <name>.debug_line</name>
         <load_address>0x1427</load_address>
         <run_address>0x1427</run_address>
         <size>0x3a3</size>
         <input_file_ref idref="fl-38"/>
      </object_component>
      <object_component id="oc-234">
         <name>.debug_line</name>
         <load_address>0x17ca</load_address>
         <run_address>0x17ca</run_address>
         <size>0x36</size>
         <input_file_ref idref="fl-38"/>
      </object_component>
      <object_component id="oc-1aa">
         <name>.debug_line</name>
         <load_address>0x1800</load_address>
         <run_address>0x1800</run_address>
         <size>0x20</size>
         <input_file_ref idref="fl-3a"/>
      </object_component>
      <object_component id="oc-7d">
         <name>.debug_line</name>
         <load_address>0x1820</load_address>
         <run_address>0x1820</run_address>
         <size>0x103</size>
         <input_file_ref idref="fl-3a"/>
      </object_component>
      <object_component id="oc-1ae">
         <name>.debug_line</name>
         <load_address>0x1923</load_address>
         <run_address>0x1923</run_address>
         <size>0x5a</size>
         <input_file_ref idref="fl-3a"/>
      </object_component>
      <object_component id="oc-eb">
         <name>.debug_line</name>
         <load_address>0x197d</load_address>
         <run_address>0x197d</run_address>
         <size>0x5a</size>
         <input_file_ref idref="fl-3a"/>
      </object_component>
      <object_component id="oc-1bd">
         <name>.debug_line</name>
         <load_address>0x19d7</load_address>
         <run_address>0x19d7</run_address>
         <size>0x5a</size>
         <input_file_ref idref="fl-3a"/>
      </object_component>
      <object_component id="oc-224">
         <name>.debug_line</name>
         <load_address>0x1a31</load_address>
         <run_address>0x1a31</run_address>
         <size>0x56</size>
         <input_file_ref idref="fl-3a"/>
      </object_component>
      <object_component id="oc-264">
         <name>.debug_line</name>
         <load_address>0x1a87</load_address>
         <run_address>0x1a87</run_address>
         <size>0x20</size>
         <input_file_ref idref="fl-3b"/>
      </object_component>
      <object_component id="oc-dc">
         <name>.debug_line</name>
         <load_address>0x1aa7</load_address>
         <run_address>0x1aa7</run_address>
         <size>0xdc</size>
         <input_file_ref idref="fl-3b"/>
      </object_component>
      <object_component id="oc-1a6">
         <name>.debug_line</name>
         <load_address>0x1b83</load_address>
         <run_address>0x1b83</run_address>
         <size>0x5d</size>
         <input_file_ref idref="fl-3b"/>
      </object_component>
      <object_component id="oc-21b">
         <name>.debug_line</name>
         <load_address>0x1be0</load_address>
         <run_address>0x1be0</run_address>
         <size>0x69</size>
         <input_file_ref idref="fl-3c"/>
      </object_component>
      <object_component id="oc-219">
         <name>.debug_line</name>
         <load_address>0x1c49</load_address>
         <run_address>0x1c49</run_address>
         <size>0x36</size>
         <input_file_ref idref="fl-3c"/>
      </object_component>
      <object_component id="oc-129">
         <name>.debug_line</name>
         <load_address>0x1c7f</load_address>
         <run_address>0x1c7f</run_address>
         <size>0x2c0</size>
         <input_file_ref idref="fl-3c"/>
      </object_component>
      <object_component id="oc-21f">
         <name>.debug_line</name>
         <load_address>0x1f3f</load_address>
         <run_address>0x1f3f</run_address>
         <size>0x36</size>
         <input_file_ref idref="fl-3c"/>
      </object_component>
      <object_component id="oc-69">
         <name>.debug_line</name>
         <load_address>0x1f75</load_address>
         <run_address>0x1f75</run_address>
         <size>0x2f2</size>
         <input_file_ref idref="fl-3d"/>
      </object_component>
      <object_component id="oc-2c">
         <name>.debug_line</name>
         <load_address>0x2267</load_address>
         <run_address>0x2267</run_address>
         <size>0x52</size>
         <input_file_ref idref="fl-3f"/>
      </object_component>
      <object_component id="oc-1e7">
         <name>.debug_line</name>
         <load_address>0x22b9</load_address>
         <run_address>0x22b9</run_address>
         <size>0xf7</size>
         <input_file_ref idref="fl-40"/>
      </object_component>
      <object_component id="oc-93">
         <name>.debug_line</name>
         <load_address>0x23b0</load_address>
         <run_address>0x23b0</run_address>
         <size>0x68</size>
         <input_file_ref idref="fl-40"/>
      </object_component>
      <object_component id="oc-89">
         <name>.debug_line</name>
         <load_address>0x2418</load_address>
         <run_address>0x2418</run_address>
         <size>0x1f3</size>
         <input_file_ref idref="fl-41"/>
      </object_component>
      <object_component id="oc-262">
         <name>.debug_line</name>
         <load_address>0x260b</load_address>
         <run_address>0x260b</run_address>
         <size>0x20</size>
         <input_file_ref idref="fl-42"/>
      </object_component>
      <object_component id="oc-1a1">
         <name>.debug_line</name>
         <load_address>0x262b</load_address>
         <run_address>0x262b</run_address>
         <size>0x5a</size>
         <input_file_ref idref="fl-42"/>
      </object_component>
      <object_component id="oc-32">
         <name>.debug_line</name>
         <load_address>0x2685</load_address>
         <run_address>0x2685</run_address>
         <size>0x4e</size>
         <input_file_ref idref="fl-43"/>
      </object_component>
      <object_component id="oc-1d">
         <name>.debug_line</name>
         <load_address>0x26d3</load_address>
         <run_address>0x26d3</run_address>
         <size>0x94</size>
         <input_file_ref idref="fl-46"/>
      </object_component>
      <object_component id="oc-77">
         <name>.debug_line</name>
         <load_address>0x2767</load_address>
         <run_address>0x2767</run_address>
         <size>0x53</size>
         <input_file_ref idref="fl-46"/>
      </object_component>
      <object_component id="oc-151">
         <name>.debug_line</name>
         <load_address>0x27ba</load_address>
         <run_address>0x27ba</run_address>
         <size>0x90</size>
         <input_file_ref idref="fl-47"/>
      </object_component>
      <object_component id="oc-a2">
         <name>.debug_line</name>
         <load_address>0x284a</load_address>
         <run_address>0x284a</run_address>
         <size>0x3a</size>
         <input_file_ref idref="fl-47"/>
      </object_component>
      <object_component id="oc-38">
         <name>.debug_line</name>
[...]
      <symbol id="sm-280">
         <name>i2cEnableLoopback</name>
         <value>0x5d0</value>
         <object_component_ref idref="oc-131"/>
      </symbol>
      <symbol id="sm-281">
         <name>i2cSetBaudrate</name>
         <value>0x158</value>
         <object_component_ref idref="oc-131"/>
      </symbol>
      <symbol id="sm-282">
         <name>i2cSetStart</name>
         <value>0x258</value>
         <object_component_ref idref="oc-131"/>
      </symbol>
      <symbol id="sm-283">
         <name>i2cSend</name>
         <value>0x304</value>
         <object_component_ref idref="oc-131"/>
      </symbol>
      <symbol id="sm-284">
         <name>i2c2GetConfigValue</name>
         <value>0x72c</value>
         <object_component_ref idref="oc-131"/>
      </symbol>
      <symbol id="sm-285">
         <name>i2cSetStop</name>
         <value>0x278</value>
         <object_component_ref idref="oc-131"/>
      </symbol>
      <symbol id="sm-286">
         <name>i2cClearSCD</name>
         <value>0x498</value>
         <object_component_ref idref="oc-131"/>
      </symbol>
      <symbol id="sm-287">
         <name>i2cIsTxReady</name>
         <value>0x2b8</value>
         <object_component_ref idref="oc-131"/>
      </symbol>
      <symbol id="sm-288">
         <name>i2cReceiveByte</name>
         <value>0x4b4</value>
         <object_component_ref idref="oc-131"/>
      </symbol>
      <symbol id="sm-289">
         <name>i2cEnableNotification</name>
         <value>0x610</value>
         <object_component_ref idref="oc-131"/>
      </symbol>
      <symbol id="sm-28a">
         <name>i2cSetOwnAdd</name>
         <value>0x118</value>
         <object_component_ref idref="oc-131"/>
      </symbol>
      <symbol id="sm-2b5">
         <name>sciNotification</name>
         <value>0x565c</value>
         <object_component_ref idref="oc-7c"/>
      </symbol>
      <symbol id="sm-2b6">
         <name>epcFIFOFullNotification</name>
         <value>0x5674</value>
         <object_component_ref idref="oc-7c"/>
      </symbol>
      <symbol id="sm-2b7">
         <name>esmGroup2Notification</name>
         <value>0x55fc</value>
         <object_component_ref idref="oc-7c"/>
      </symbol>
      <symbol id="sm-2b8">
         <name>epcCAMFullNotification</name>
         <value>0x5670</value>
         <object_component_ref idref="oc-7c"/>
      </symbol>
      <symbol id="sm-2b9">
         <name>esmGroup1Notification</name>
         <value>0x55e8</value>
         <object_component_ref idref="oc-7c"/>
      </symbol>
      <symbol id="sm-2ba">
         <name>esmGroup3Notification</name>
         <value>0x5610</value>
         <object_component_ref idref="oc-7c"/>
      </symbol>
      <symbol id="sm-2bb">
         <name>i2cNotification</name>
         <value>0x5648</value>
         <object_component_ref idref="oc-7c"/>
      </symbol>
      <symbol id="sm-2bc">
         <name>dmaGroupANotification</name>
         <value>0x5620</value>
         <object_component_ref idref="oc-7c"/>
      </symbol>
      <symbol id="sm-2bd">
         <name>gioNotification</name>
         <value>0x5634</value>
         <object_component_ref idref="oc-7c"/>
      </symbol>
      <symbol id="sm-32c">
         <name>muxInit</name>
         <value>0xa04</value>
         <object_component_ref idref="oc-d7"/>
      </symbol>
      <symbol id="sm-38b">
         <name>sciIsTxReady</name>
         <value>0x2844</value>
         <object_component_ref idref="oc-125"/>
      </symbol>
      <symbol id="sm-38c">
         <name>sci1GetConfigValue</name>
         <value>0x2d58</value>
         <object_component_ref idref="oc-125"/>
      </symbol>
      <symbol id="sm-38d">
         <name>sciDisableLoopback</name>
         <value>0x2bcc</value>
         <object_component_ref idref="oc-125"/>
      </symbol>
      <symbol id="sm-38e">
         <name>sciIsRxReady</name>
         <value>0x29f4</value>
         <object_component_ref idref="oc-125"/>
      </symbol>
      <symbol id="sm-38f">
         <name>sciSetBaudrate</name>
         <value>0x27a8</value>
         <object_component_ref idref="oc-125"/>
      </symbol>
      <symbol id="sm-390">
         <name>sciInit</name>
         <value>0x269c</value>
         <object_component_ref idref="oc-125"/>
      </symbol>
      <symbol id="sm-391">
         <name>sciEnableNotification</name>
         <value>0x2be8</value>
         <object_component_ref idref="oc-125"/>
      </symbol>
      <symbol id="sm-392">
         <name>sciReceive</name>
         <value>0x2a88</value>
         <object_component_ref idref="oc-125"/>
      </symbol>
      <symbol id="sm-393">
         <name>sciExitResetState</name>
         <value>0x2d38</value>
         <object_component_ref idref="oc-125"/>
      </symbol>
      <symbol id="sm-394">
         <name>sciSetFunctional</name>
         <value>0x2788</value>
         <object_component_ref idref="oc-125"/>
      </symbol>
      <symbol id="sm-395">
         <name>sciDisableNotification</name>
         <value>0x2c80</value>
         <object_component_ref idref="oc-125"/>
      </symbol>
      <symbol id="sm-396">
         <name>sciSend</name>
         <value>0x2890</value>
         <object_component_ref idref="oc-125"/>
      </symbol>
      <symbol id="sm-397">
         <name>sciRxError</name>
         <value>0x2a2c</value>
         <object_component_ref idref="oc-125"/>
      </symbol>
      <symbol id="sm-398">
         <name>sciReceiveByte</name>
         <value>0x2a5c</value>
         <object_component_ref idref="oc-125"/>
      </symbol>
      <symbol id="sm-399">
         <name>sciSendByte</name>
         <value>0x2860</value>
         <object_component_ref idref="oc-125"/>
      </symbol>
      <symbol id="sm-39a">
         <name>sciEnableLoopback</name>
         <value>0x2b98</value>
         <object_component_ref idref="oc-125"/>
      </symbol>
      <symbol id="sm-39b">
         <name>sciIsIdleDetected</name>
         <value>0x2a10</value>
         <object_component_ref idref="oc-125"/>
      </symbol>
      <symbol id="sm-39c">
         <name>sciEnterResetState</name>
         <value>0x2d18</value>
         <object_component_ref idref="oc-125"/>
      </symbol>
      <symbol id="sm-3c8">
         <name>_iCacheInvalidate_</name>
         <value>0x4a34</value>
         <object_component_ref idref="oc-65"/>
      </symbol>
      <symbol id="sm-3c9">
         <name>_disable_IRQ_interrupt_</name>
         <value>0x48c4</value>
         <object_component_ref idref="oc-65"/>
      </symbol>
      <symbol id="sm-3ca">
         <name>_coreGetInstructionFaultAddress_</name>
         <value>0x4888</value>
         <object_component_ref idref="oc-65"/>
      </symbol>
      <symbol id="sm-3cb">
         <name>_coreGetDataFault_</name>
         <value>0x484c</value>
         <object_component_ref idref="oc-65"/>
      </symbol>
      <symbol id="sm-3cc">
         <name>_coreDisableEventBusExport_</name>
         <value>0x482c</value>
         <object_component_ref idref="oc-65"/>
      </symbol>
      <symbol id="sm-3cd">
         <name>_coreClearDataFaultAddress_</name>
         <value>0x487c</value>
         <object_component_ref idref="oc-65"/>
      </symbol>
      <symbol id="sm-3ce">
         <name>__TI_PINIT_Base</name>
         <value>0x4a48</value>
         <object_component_ref idref="oc-65"/>
      </symbol>
      <symbol id="sm-3cf">
         <name>_coreInitRegisters_</name>
         <value>0x468c</value>
         <object_component_ref idref="oc-65"/>
      </symbol>
      <symbol id="sm-3d0">
         <name>_coreClearInstructionFaultAddress_</name>
         <value>0x4890</value>
         <object_component_ref idref="oc-65"/>
      </symbol>
      <symbol id="sm-3d1">
         <name>_coreClearDataFault_</name>
         <value>0x4854</value>
         <object_component_ref idref="oc-65"/>
      </symbol>
      <symbol id="sm-3d2">
         <name>_coreGetAuxiliaryDataFault_</name>
         <value>0x489c</value>
         <object_component_ref idref="oc-65"/>
      </symbol>
      <symbol id="sm-3d3">
         <name>_enable_interrupt_</name>
         <value>0x48d4</value>
         <object_component_ref idref="oc-65"/>
      </symbol>
      <symbol id="sm-3d4">
         <name>_coreClearAuxiliaryInstructionFault_</name>
         <value>0x48b8</value>
         <object_component_ref idref="oc-65"/>
      </symbol>
      <symbol id="sm-3d5">
         <name>_memInit_</name>
         <value>0x4964</value>
         <object_component_ref idref="oc-65"/>
      </symbol>
      <symbol id="sm-3d6">
         <name>_dCacheInvalidate_</name>
         <value>0x4a20</value>
         <object_component_ref idref="oc-65"/>
      </symbol>
      <symbol id="sm-3d7">
         <name>_coreGetDataFaultAddress_</name>
         <value>0x4874</value>
         <object_component_ref idref="oc-65"/>
      </symbol>
      <symbol id="sm-3d8">
         <name>_coreClearInstructionFault_</name>
         <value>0x4868</value>
         <object_component_ref idref="oc-65"/>
      </symbol>
      <symbol id="sm-3d9">
         <name>_getCPSRValue_</name>
         <value>0x47e4</value>
         <object_component_ref idref="oc-65"/>
      </symbol>
      <symbol id="sm-3da">
         <name>_cacheDisable_</name>
         <value>0x49fc</value>
         <object_component_ref idref="oc-65"/>
      </symbol>
      <symbol id="sm-3db">
         <name>_enable_IRQ_interrupt_</name>
         <value>0x48cc</value>
         <object_component_ref idref="oc-65"/>
      </symbol>
      <symbol id="sm-3dc">
         <name>__TI_PINIT_Limit</name>
         <value>0x4a4c</value>
         <object_component_ref idref="oc-65"/>
      </symbol>
      <symbol id="sm-3dd">
         <name>_coreGetAuxiliaryInstructionFault_</name>
         <value>0x48b0</value>
         <object_component_ref idref="oc-65"/>
      </symbol>
      <symbol id="sm-3de">
         <name>_coreInitStackPointer_</name>
         <value>0x4798</value>
         <object_component_ref idref="oc-65"/>
      </symbol>
      <symbol id="sm-3df">
         <name>_esmCcmErrorsClear_</name>
         <value>0x48dc</value>
         <object_component_ref idref="oc-65"/>
      </symbol>
      <symbol id="sm-3e0">
         <name>_gotoCPUIdle_</name>
         <value>0x47ec</value>
         <object_component_ref idref="oc-65"/>
      </symbol>
      <symbol id="sm-3e1">
         <name>_coreEnableIrqVicOffset_</name>
         <value>0x483c</value>
         <object_component_ref idref="oc-65"/>
      </symbol>
      <symbol id="sm-3e2">
         <name>_coreGetInstructionFault_</name>
         <value>0x4860</value>
         <object_component_ref idref="oc-65"/>
      </symbol>
      <symbol id="sm-3e3">
         <name>_cacheEnable_</name>
         <value>0x49b8</value>
         <object_component_ref idref="oc-65"/>
      </symbol>
      <symbol id="sm-3e4">
         <name>_coreEnableVfp_</name>
         <value>0x4804</value>
         <object_component_ref idref="oc-65"/>
      </symbol>
      <symbol id="sm-3e5">
         <name>_coreClearAuxiliaryDataFault_</name>
         <value>0x48a4</value>
         <object_component_ref idref="oc-65"/>
      </symbol>
      <symbol id="sm-3e6">
         <name>_coreEnableEventBusExport_</name>
         <value>0x481c</value>
         <object_component_ref idref="oc-65"/>
      </symbol>
      <symbol id="sm-3e7">
         <name>_checkMemInitOn_</name>
         <value>0x4998</value>
         <object_component_ref idref="oc-65"/>
      </symbol>
      <symbol id="sm-3f5">
         <name>resetEntry</name>
         <value>0x0</value>
         <object_component_ref idref="oc-28"/>
      </symbol>
      <symbol id="sm-408">
         <name>main</name>
         <value>0x547c</value>
         <object_component_ref idref="oc-8e"/>
      </symbol>
      <symbol id="sm-423">
         <name>_mpuSetRegionBaseAddress_</name>
         <value>0x4d80</value>
         <object_component_ref idref="oc-88"/>
      </symbol>
      <symbol id="sm-424">
         <name>_mpuInit_</name>
         <value>0x4a50</value>
         <object_component_ref idref="oc-88"/>
      </symbol>
      <symbol id="sm-425">
         <name>_mpuSetRegionSizeRegister_</name>
         <value>0x4db4</value>
         <object_component_ref idref="oc-88"/>
      </symbol>
      <symbol id="sm-426">
         <name>_mpuDisableBackgroundRegion_</name>
         <value>0x4d48</value>
         <object_component_ref idref="oc-88"/>
      </symbol>
      <symbol id="sm-427">
         <name>_mpuSetRegionTypeAndPermission_</name>
         <value>0x4d90</value>
         <object_component_ref idref="oc-88"/>
      </symbol>
      <symbol id="sm-428">
         <name>_mpuGetRegionPermission_</name>
         <value>0x4da8</value>
         <object_component_ref idref="oc-88"/>
      </symbol>
      <symbol id="sm-429">
         <name>_mpuEnable_</name>
         <value>0x4d08</value>
         <object_component_ref idref="oc-88"/>
      </symbol>
      <symbol id="sm-42a">
         <name>_mpuGetNumberOfRegions_</name>
         <value>0x4d58</value>
         <object_component_ref idref="oc-88"/>
      </symbol>
      <symbol id="sm-42b">
         <name>_mpuAreRegionsSeparate_</name>
         <value>0x4d64</value>
         <object_component_ref idref="oc-88"/>
      </symbol>
      <symbol id="sm-42c">
         <name>_mpuEnableBackgroundRegion_</name>
         <value>0x4d38</value>
         <object_component_ref idref="oc-88"/>
      </symbol>
      <symbol id="sm-42d">
         <name>_mpuGetRegionType_</name>
         <value>0x4d9c</value>
         <object_component_ref idref="oc-88"/>
      </symbol>
      <symbol id="sm-42e">
         <name>_mpuDisable_</name>
         <value>0x4d20</value>
         <object_component_ref idref="oc-88"/>
      </symbol>
      <symbol id="sm-42f">
         <name>_mpuGetRegionBaseAddress_</name>
         <value>0x4d88</value>
         <object_component_ref idref="oc-88"/>
      </symbol>
      <symbol id="sm-430">
         <name>_mpuSetRegion_</name>
         <value>0x4d70</value>
         <object_component_ref idref="oc-88"/>
      </symbol>
      <symbol id="sm-431">
         <name>_mpuGetRegion_</name>
         <value>0x4d78</value>
         <object_component_ref idref="oc-88"/>
      </symbol>
      <symbol id="sm-444">
         <name>phantomInterrupt</name>
         <value>0x5708</value>
         <object_component_ref idref="oc-2d"/>
      </symbol>
      <symbol id="sm-463">
         <name>_c_int00</name>
         <value>0x53a4</value>
         <object_component_ref idref="oc-19"/>
      </symbol>
      <symbol id="sm-464">
         <name>handlePLLLockFail</name>
         <value>0x5704</value>
         <object_component_ref idref="oc-76"/>
      </symbol>
      <symbol id="sm-507">
         <name>vimChannelMap</name>
         <value>0x1e38</value>
         <object_component_ref idref="oc-37"/>
      </symbol>
      <symbol id="sm-508">
         <name>vimInit</name>
         <value>0x1d64</value>
         <object_component_ref idref="oc-37"/>
      </symbol>
      <symbol id="sm-509">
         <name>vimEnableInterrupt</name>
         <value>0x1edc</value>
         <object_component_ref idref="oc-37"/>
      </symbol>
      <symbol id="sm-50a">
         <name>vimDisableInterrupt</name>
         <value>0x20a4</value>
         <object_component_ref idref="oc-37"/>
      </symbol>
      <symbol id="sm-50b">
         <name>vimGetConfigValue</name>
         <value>0x2150</value>
         <object_component_ref idref="oc-37"/>
      </symbol>
      <symbol id="sm-50c">
         <name>vimECCErrorHandler</name>
         <value>0x4dbc</value>
         <object_component_ref idref="oc-33"/>
      </symbol>
      <symbol id="sm-55c">
         <name>systemGetConfigValue</name>
         <value>0x1888</value>
         <object_component_ref idref="oc-6a"/>
      </symbol>
      <symbol id="sm-55d">
         <name>trimLPO</name>
         <value>0x1428</value>
         <object_component_ref idref="oc-6a"/>
      </symbol>
      <symbol id="sm-55e">
         <name>systemInit</name>
         <value>0x16bc</value>
         <object_component_ref idref="oc-6a"/>
      </symbol>
      <symbol id="sm-55f">
         <name>customTrimLPO</name>
         <value>0x1cb8</value>
         <object_component_ref idref="oc-6a"/>
      </symbol>
      <symbol id="sm-560">
         <name>periphInit</name>
         <value>0x14dc</value>
         <object_component_ref idref="oc-6a"/>
      </symbol>
      <symbol id="sm-561">
         <name>setupFlash</name>
         <value>0x149c</value>
         <object_component_ref idref="oc-6a"/>
      </symbol>
      <symbol id="sm-562">
         <name>setupPLL</name>
         <value>0x13c8</value>
         <object_component_ref idref="oc-6a"/>
      </symbol>
      <symbol id="sm-563">
         <name>getResetSource</name>
         <value>0x1760</value>
         <object_component_ref idref="oc-6a"/>
      </symbol>
      <symbol id="sm-564">
         <name>mapClocks</name>
         <value>0x1590</value>
         <object_component_ref idref="oc-6a"/>
      </symbol>
      <symbol id="sm-565">
         <name>systemPowerDown</name>
         <value>0x1730</value>
         <object_component_ref idref="oc-6a"/>
      </symbol>
      <symbol id="sm-589">
         <name>floorl</name>
         <value>0x5270</value>
         <object_component_ref idref="oc-1d0"/>
      </symbol>
      <symbol id="sm-58a">
         <name>floor</name>
         <value>0x5270</value>
         <object_component_ref idref="oc-1d0"/>
      </symbol>
      <symbol id="sm-5ad">
         <name>__aeabi_memset</name>
         <value>0x553c</value>
         <object_component_ref idref="oc-d0"/>
      </symbol>
      <symbol id="sm-5ae">
         <name>memset</name>
         <value>0x5548</value>
         <object_component_ref idref="oc-d0"/>
      </symbol>
      <symbol id="sm-5af">
         <name>__aeabi_memset8</name>
         <value>0x553c</value>
         <object_component_ref idref="oc-d0"/>
      </symbol>
      <symbol id="sm-5b0">
         <name>__aeabi_memset4</name>
         <value>0x553c</value>
         <object_component_ref idref="oc-d0"/>
      </symbol>
      <symbol id="sm-5b1">
         <name>__aeabi_memclr8</name>
         <value>0x5538</value>
         <object_component_ref idref="oc-d0"/>
      </symbol>
      <symbol id="sm-5b2">
         <name>__aeabi_memclr4</name>
         <value>0x5538</value>
         <object_component_ref idref="oc-d0"/>
      </symbol>
      <symbol id="sm-5b3">
         <name>__aeabi_memclr</name>
         <value>0x5538</value>
         <object_component_ref idref="oc-d0"/>
      </symbol>
      <symbol id="sm-5de">
         <name>__TI_auto_init_nobinit_nopinit</name>
         <value>0x5684</value>
         <object_component_ref idref="oc-f5"/>
      </symbol>
      <symbol id="sm-5f1">
         <name>__TI_zero_init</name>
         <value>0x56ec</value>
         <object_component_ref idref="oc-5f"/>
      </symbol>
      <symbol id="sm-5fe">
         <name>C$$EXIT</name>
         <value>0x56fc</value>
         <object_component_ref idref="oc-13f"/>
      </symbol>
      <symbol id="sm-5ff">
         <name>abort</name>
         <value>0x56fc</value>
         <object_component_ref idref="oc-13f"/>
      </symbol>
      <symbol id="sm-61b">
         <name>_sys_memory</name>
         <value>0x8033568</value>
         <object_component_ref idref="oc-3f"/>
      </symbol>
      <symbol id="sm-643">
         <name>__TI_static_base__</name>
         <value>0x0</value>
      </symbol>
      <symbol id="sm-645">
         <name>SHT$$INIT_ARRAY$$Base</name>
         <value>0x0</value>
      </symbol>
      <symbol id="sm-646">
         <name>SHT$$INIT_ARRAY$$Limit</name>
         <value>0x0</value>
      </symbol>
      <symbol id="sm-647">
         <name>_system_post_cinit</name>
         <value>0x0</value>
      </symbol>
   </symbol_table>
   <title>Link successful</title>
</link_info>
