******************************************************************************
                  TI ARM Linker PC v18.12.4                    
******************************************************************************
>> Linked Tue Jan  7 16:44:03 2020

OUTPUT FILE NAME:   <I2C2Test.out>
ENTRY POINT SYMBOL: "_c_int00"  address: 000053a4


MEMORY CONFIGURATION

         name            origin    length      used     unused   attr    fill
----------------------  --------  ---------  --------  --------  ----  --------
  VECTORS               00000000   00000020  00000020  00000000     X
  FLASH0                00000020   001fffe0  00005900  001fa6e0  R  X
  FLASH1                00200000   00200000  00000000  00200000  R  X
  STACKS                08000000   00001500  00000000  00001500  RW  
  RAM                   08001500   0007eb00  00032868  0004c298  RW  


SEGMENT ALLOCATION MAP

run origin  load origin   length   init length attrs members
----------  ----------- ---------- ----------- ----- -------
00000000    00000000    0000570c   0000570c    r-x
  00000000    00000000    00000020   00000020    r-x .intvecs
  00000020    00000020    000056ec   000056ec    r-x .text
00005720    00005720    00000214   00000214    r--
  00005720    00005720    00000200   00000200    r-- .const
  00005920    00005920    00000014   00000014    r-- .cinit
08001500    08001500    00032868   00000000    rw-
  08001500    08001500    00032068   00000000    rw- .bss
  08033568    08033568    00000800   00000000    rw- .sysmem


SECTION ALLOCATION MAP

 output                                  attributes/
section   page    origin      length       input sections
--------  ----  ----------  ----------   ----------------
.intvecs   0    00000000    00000020     
                  00000000    00000020     HL_sys_intvecs.obj (.intvecs)

.text      0    00000020    000056ec     
                  00000020    000009e4     HL_i2c.obj (.text)
                  00000a04    000009c4     HL_pinmux.obj (.text)
                  000013c8    0000099c     HL_system.obj (.text)
                  00001d64    00000938     HL_sys_vim.obj (.text)
                  0000269c    00000870     HL_sci.obj (.text)
                  00002f0c    0000078c     HL_esm.obj (.text)
                  00003698    00000664     HL_errata_SSWF021_45.obj (.text)
                  00003cfc    0000050c     ov7670.obj (.text)
                  00004208    00000484     HL_gio.obj (.text)
                  0000468c    000003c4     HL_sys_core.obj (.text)
                  00004a50    0000036c     HL_sys_mpu.obj (.text)
                  00004dbc    0000033c     HL_sys_vim.obj (.text:retain)
                  000050f8    00000178     HL_esm.obj (.text:retain)
                  00005270    00000134     rtsv7R4_A_le_v3D16_eabi.lib : s_floor.c.obj (.text:floor)
                  000053a4    000000d8     HL_sys_startup.obj (.text:retain)
                  0000547c    000000bc     HL_sys_main.obj (.text)
                  00005538    000000b0     rtsv7R4_A_le_v3D16_eabi.lib : memset32.asm.obj (.text)
                  000055e8    0000009c     HL_notification.obj (.text)
                  00005684    00000068     rtsv7R4_A_le_v3D16_eabi.lib : autoinit.c.obj (.text:__TI_auto_init_nobinit_nopinit:__TI_auto_init_nobinit_nopinit)
                  000056ec    00000010                                 : copy_zero_init.c.obj (.text:decompress:ZI:__TI_zero_init)
                  000056fc    00000008                                 : exit.c.obj (.text:abort:abort)
                  00005704    00000004     HL_sys_startup.obj (.text)
                  00005708    00000004     HL_sys_phantom.obj (.text:retain)

.const     0    00005720    00000200     
                  00005720    00000200     HL_sys_vim.obj (.const:s_vim_init)

.cinit     0    00005920    00000014     
                  00005920    00000008     (.cinit..bss.load) [load image, compression = zero_init]
                  00005928    00000004     (__TI_handler_table)
                  0000592c    00000008     (__TI_cinit_table)

.bss       0    08001500    00032068     UNINITIALIZED
                  08001500    00032000     (.common:pixelDataArray)
                  08033500    00000050     HL_sci.obj (.bss:g_sciTransfer_t)
                  08033550    00000018     HL_i2c.obj (.bss:g_i2cTransfer_t)

.sysmem    0    08033568    00000800     UNINITIALIZED
                  08033568    00000010     rtsv7R4_A_le_v3D16_eabi.lib : memory.c.obj (.sysmem)
                  08033578    000007f0     --HOLE--

MODULE SUMMARY

       Module                     code    ro data   rw data
       ------                     ----    -------   -------
    .\ov7670\
       ov7670.obj                 1292    0         204800 
    +--+--------------------------+-------+---------+---------+
       Total:                     1292    0         204800 
                                                           
    .\source\
       HL_sys_vim.obj             3188    512       0      
       HL_i2c.obj                 2532    0         24     
       HL_pinmux.obj              2500    0         0      
       HL_system.obj              2460    0         0      
       HL_esm.obj                 2308    0         0      
       HL_sci.obj                 2160    0         80     
       HL_errata_SSWF021_45.obj   1636    0         0      
       HL_gio.obj                 1156    0         0      
       HL_sys_core.obj            964     0         0      
       HL_sys_mpu.obj             876     0         0      
       HL_sys_startup.obj         220     0         0      
       HL_sys_main.obj            188     0         0      
       HL_notification.obj        156     0         0      
       HL_sys_intvecs.obj         32      0         0      
       HL_sys_phantom.obj         4       0         0      
    +--+--------------------------+-------+---------+---------+
       Total:                     20380   512       104    
                                                           
    C:\ti\ccs920\ccs\tools\compiler\ti-cgt-arm_18.12.4.LTS\lib\rtsv7R4_A_le_v3D16_eabi.lib
       s_floor.c.obj              308     0         0      
       memset32.asm.obj           176     0         0      
       autoinit.c.obj             104     0         0      
       copy_zero_init.c.obj       16      0         0      
       exit.c.obj                 8       0         0      
    +--+--------------------------+-------+---------+---------+
       Total:                     612     0         0      
                                                           
       Heap:                      0       0         2048   
       Linker Generated:          0       20        0      
    +--+--------------------------+-------+---------+---------+
       Grand Total:               22284   532       206952 


LINKER GENERATED COPY TABLES

__TI_cinit_table @ 0000592c records: 1, size/record: 8, table size: 8
	.bss: load addr=00005920, load size=00000008 bytes, run addr=08001500, run size=00032068 bytes, compression=zero_init


LINKER GENERATED HANDLER TABLE

__TI_handler_table @ 00005928 records: 1, size/record: 4, table size: 4
	index: 0, handler: __TI_zero_init


GLOBAL SYMBOLS: SORTED ALPHABETICALLY BY Name 

address   name                                
-------   ----                                
000056fc  C$$EXIT                             
UNDEFED   SHT$$INIT_ARRAY$$Base               
UNDEFED   SHT$$INIT_ARRAY$$Limit              
00000800  __SYSMEM_SIZE                       
0000592c  __TI_CINIT_Base                     
00005934  __TI_CINIT_Limit                    
00005928  __TI_Handler_Table_Base             
0000592c  __TI_Handler_Table_Limit            
00004a48  __TI_PINIT_Base                     
00004a4c  __TI_PINIT_Limit                    
00005684  __TI_auto_init_nobinit_nopinit      
ffffffff  __TI_pprof_out_hndl                 
ffffffff  __TI_prof_data_size                 
ffffffff  __TI_prof_data_start                
00000000  __TI_static_base__                  
000056ec  __TI_zero_init                      
00005538  __aeabi_memclr                      
00005538  __aeabi_memclr4                     
00005538  __aeabi_memclr8                     
0000553c  __aeabi_memset                      
0000553c  __aeabi_memset4                     
0000553c  __aeabi_memset8                     
ffffffff  __binit__                           
ffffffff  __c_args__                          
000053a4  _c_int00                            
000049fc  _cacheDisable_                      
000049b8  _cacheEnable_                       
00004998  _checkMemInitOn_                    
000048a4  _coreClearAuxiliaryDataFault_       
000048b8  _coreClearAuxiliaryInstructionFault_
0000487c  _coreClearDataFaultAddress_         
00004854  _coreClearDataFault_                
00004890  _coreClearInstructionFaultAddress_  
00004868  _coreClearInstructionFault_         
0000482c  _coreDisableEventBusExport_         
0000481c  _coreEnableEventBusExport_          
0000483c  _coreEnableIrqVicOffset_            
00004804  _coreEnableVfp_                     
0000489c  _coreGetAuxiliaryDataFault_         
000048b0  _coreGetAuxiliaryInstructionFault_  
00004874  _coreGetDataFaultAddress_           
0000484c  _coreGetDataFault_                  
00004888  _coreGetInstructionFaultAddress_    
00004860  _coreGetInstructionFault_           
0000468c  _coreInitRegisters_                 
00004798  _coreInitStackPointer_              
00004a20  _dCacheInvalidate_                  
000048c4  _disable_IRQ_interrupt_             
000048cc  _enable_IRQ_interrupt_              
000048d4  _enable_interrupt_                  
00003698  _errata_SSWF021_45_both_plls        
0000388c  _errata_SSWF021_45_pll1             
00003a04  _errata_SSWF021_45_pll2             
000048dc  _esmCcmErrorsClear_                 
000047e4  _getCPSRValue_                      
000047ec  _gotoCPUIdle_                       
00004a34  _iCacheInvalidate_                  
00004964  _memInit_                           
00004d64  _mpuAreRegionsSeparate_             
00004d48  _mpuDisableBackgroundRegion_        
00004d20  _mpuDisable_                        
00004d38  _mpuEnableBackgroundRegion_         
00004d08  _mpuEnable_                         
00004d58  _mpuGetNumberOfRegions_             
00004d88  _mpuGetRegionBaseAddress_           
00004da8  _mpuGetRegionPermission_            
00004d9c  _mpuGetRegionType_                  
00004d78  _mpuGetRegion_                      
00004a50  _mpuInit_                           
00004d80  _mpuSetRegionBaseAddress_           
00004db4  _mpuSetRegionSizeRegister_          
00004d90  _mpuSetRegionTypeAndPermission_     
00004d70  _mpuSetRegion_                      
08033568  _sys_memory                         
UNDEFED   _system_post_cinit                  
000056fc  abort                               
ffffffff  binit                               
00001cb8  customTrimLPO                       
00005620  dmaGroupANotification               
00005670  epcCAMFullNotification              
00005674  epcFIFOFullNotification             
0000311c  esmActivateNormalOperation          
00003268  esmClearStatus                      
000032cc  esmClearStatusBuffer                
000032a8  esmClearStatusUpper                 
000030c8  esmDisableError                     
000030f0  esmDisableErrorUpper                
00003170  esmDisableInterrupt                 
00003198  esmDisableInterruptUpper            
00003084  esmEnableError                      
000030ac  esmEnableErrorUpper                 
0000312c  esmEnableInterrupt                  
00003154  esmEnableInterruptUpper             
000033fc  esmEnterSelfTest                    
00003068  esmError                            
000034d4  esmGetConfigValue                   
00003308  esmGetStatus                        
000033d4  esmGetStatusBuffer                  
0000338c  esmGetStatusUpper                   
000055e8  esmGroup1Notification               
000055fc  esmGroup2Notification               
00005610  esmGroup3Notification               
000050f8  esmHighInterrupt                    
00002f0c  esmInit                             
00003484  esmSelfTestStatus                   
000032e8  esmSetCounterPreloadValue           
000031b4  esmSetInterruptLevel                
00003228  esmSetInterruptLevelUpper           
0000310c  esmTriggerErrorPinReset             
00005270  floor                               
00005270  floorl                              
00001760  getResetSource                      
00004468  gioDisableNotification              
00004400  gioEnableNotification               
00004368  gioGetBit                           
000044d0  gioGetConfigValue                   
00004390  gioGetPort                          
00004208  gioInit                             
00005634  gioNotification                     
000042f8  gioSetBit                           
000042d8  gioSetDirection                     
00004348  gioSetPort                          
000043a8  gioToggleBit                        
00005704  handlePLLLockFail                   
0000072c  i2c2GetConfigValue                  
00000498  i2cClearSCD                         
000005f0  i2cDisableLoopback                  
00000678  i2cDisableNotification              
000005d0  i2cEnableLoopback                   
00000610  i2cEnableNotification               
00000020  i2cInit                             
0000096c  i2cIsBusBusy                        
0000092c  i2cIsMasterReady                    
00000430  i2cIsRxReady                        
0000044c  i2cIsStopDetected                   
000002b8  i2cIsTxReady                        
00005648  i2cNotification                     
000004f8  i2cReceive                          
000004b4  i2cReceiveByte                      
00000468  i2cRxError                          
00000304  i2cSend                             
000002d4  i2cSendByte                         
00000158  i2cSetBaudrate                      
00000298  i2cSetCount                         
000008f4  i2cSetDirection                     
000006f4  i2cSetMode                          
00000118  i2cSetOwnAdd                        
00000138  i2cSetSlaveAdd                      
00000258  i2cSetStart                         
00000278  i2cSetStop                          
0000547c  main                                
00001590  mapClocks                           
00005548  memset                              
00000a04  muxInit                             
00003cfc  ov7670_VerifyI2Cworking             
00003d1c  ov7670_config                       
00003d14  ov7670_init                         
000040a8  ov7670_read                         
00003d3c  ov7670_startCap                     
00003f98  ov7670_stopCap                      
00003fa0  ov7670_write                        
000014dc  periphInit                          
00005708  phantomInterrupt                    
08001500  pixelDataArray                      
00000000  resetEntry                          
00002d58  sci1GetConfigValue                  
00002bcc  sciDisableLoopback                  
00002c80  sciDisableNotification              
00002b98  sciEnableLoopback                   
00002be8  sciEnableNotification               
00002d18  sciEnterResetState                  
00002d38  sciExitResetState                   
0000269c  sciInit                             
00002a10  sciIsIdleDetected                   
000029f4  sciIsRxReady                        
00002844  sciIsTxReady                        
0000565c  sciNotification                     
00002a88  sciReceive                          
00002a5c  sciReceiveByte                      
00002a2c  sciRxError                          
00002890  sciSend                             
00002860  sciSendByte                         
000027a8  sciSetBaudrate                      
00002788  sciSetFunctional                    
0000149c  setupFlash                          
000013c8  setupPLL                            
00001888  systemGetConfigValue                
000016bc  systemInit                          
00001730  systemPowerDown                     
00001428  trimLPO                             
00001e38  vimChannelMap                       
000020a4  vimDisableInterrupt                 
00004dbc  vimECCErrorHandler                  
00001edc  vimEnableInterrupt                  
00002150  vimGetConfigValue                   
00001d64  vimInit                             


GLOBAL SYMBOLS: SORTED BY Symbol Address 

address   name                                
-------   ----                                
00000000  __TI_static_base__                  
00000000  resetEntry                          
00000020  i2cInit                             
00000118  i2cSetOwnAdd                        
00000138  i2cSetSlaveAdd                      
00000158  i2cSetBaudrate                      
00000258  i2cSetStart                         
00000278  i2cSetStop                          
00000298  i2cSetCount                         
000002b8  i2cIsTxReady                        
000002d4  i2cSendByte                         
00000304  i2cSend                             
00000430  i2cIsRxReady                        
0000044c  i2cIsStopDetected                   
00000468  i2cRxError                          
00000498  i2cClearSCD                         
000004b4  i2cReceiveByte                      
000004f8  i2cReceive                          
000005d0  i2cEnableLoopback                   
000005f0  i2cDisableLoopback                  
00000610  i2cEnableNotification               
00000678  i2cDisableNotification              
000006f4  i2cSetMode                          
0000072c  i2c2GetConfigValue                  
00000800  __SYSMEM_SIZE                       
000008f4  i2cSetDirection                     
0000092c  i2cIsMasterReady                    
0000096c  i2cIsBusBusy                        
00000a04  muxInit                             
000013c8  setupPLL                            
00001428  trimLPO                             
0000149c  setupFlash                          
000014dc  periphInit                          
00001590  mapClocks                           
000016bc  systemInit                          
00001730  systemPowerDown                     
00001760  getResetSource                      
00001888  systemGetConfigValue                
00001cb8  customTrimLPO                       
00001d64  vimInit                             
00001e38  vimChannelMap                       
00001edc  vimEnableInterrupt                  
000020a4  vimDisableInterrupt                 
00002150  vimGetConfigValue                   
0000269c  sciInit                             
00002788  sciSetFunctional                    
000027a8  sciSetBaudrate                      
00002844  sciIsTxReady                        
00002860  sciSendByte                         
00002890  sciSend                             
000029f4  sciIsRxReady                        
00002a10  sciIsIdleDetected                   
00002a2c  sciRxError                          
00002a5c  sciReceiveByte                      
00002a88  sciReceive                          
00002b98  sciEnableLoopback                   
00002bcc  sciDisableLoopback                  
00002be8  sciEnableNotification               
00002c80  sciDisableNotification              
00002d18  sciEnterResetState                  
00002d38  sciExitResetState                   
00002d58  sci1GetConfigValue                  
00002f0c  esmInit                             
00003068  esmError                            
00003084  esmEnableError                      
000030ac  esmEnableErrorUpper                 
000030c8  esmDisableError                     
000030f0  esmDisableErrorUpper                
0000310c  esmTriggerErrorPinReset             
0000311c  esmActivateNormalOperation          
0000312c  esmEnableInterrupt                  
00003154  esmEnableInterruptUpper             
00003170  esmDisableInterrupt                 
00003198  esmDisableInterruptUpper            
000031b4  esmSetInterruptLevel                
00003228  esmSetInterruptLevelUpper           
00003268  esmClearStatus                      
000032a8  esmClearStatusUpper                 
000032cc  esmClearStatusBuffer                
000032e8  esmSetCounterPreloadValue           
00003308  esmGetStatus                        
0000338c  esmGetStatusUpper                   
000033d4  esmGetStatusBuffer                  
000033fc  esmEnterSelfTest                    
00003484  esmSelfTestStatus                   
000034d4  esmGetConfigValue                   
00003698  _errata_SSWF021_45_both_plls        
0000388c  _errata_SSWF021_45_pll1             
00003a04  _errata_SSWF021_45_pll2             
00003cfc  ov7670_VerifyI2Cworking             
00003d14  ov7670_init                         
00003d1c  ov7670_config                       
00003d3c  ov7670_startCap                     
00003f98  ov7670_stopCap                      
00003fa0  ov7670_write                        
000040a8  ov7670_read                         
00004208  gioInit                             
000042d8  gioSetDirection                     
000042f8  gioSetBit                           
00004348  gioSetPort                          
00004368  gioGetBit                           
00004390  gioGetPort                          
000043a8  gioToggleBit                        
00004400  gioEnableNotification               
00004468  gioDisableNotification              
000044d0  gioGetConfigValue                   
0000468c  _coreInitRegisters_                 
00004798  _coreInitStackPointer_              
000047e4  _getCPSRValue_                      
000047ec  _gotoCPUIdle_                       
00004804  _coreEnableVfp_                     
0000481c  _coreEnableEventBusExport_          
0000482c  _coreDisableEventBusExport_         
0000483c  _coreEnableIrqVicOffset_            
0000484c  _coreGetDataFault_                  
00004854  _coreClearDataFault_                
00004860  _coreGetInstructionFault_           
00004868  _coreClearInstructionFault_         
00004874  _coreGetDataFaultAddress_           
0000487c  _coreClearDataFaultAddress_         
00004888  _coreGetInstructionFaultAddress_    
00004890  _coreClearInstructionFaultAddress_  
0000489c  _coreGetAuxiliaryDataFault_         
000048a4  _coreClearAuxiliaryDataFault_       
000048b0  _coreGetAuxiliaryInstructionFault_  
000048b8  _coreClearAuxiliaryInstructionFault_
000048c4  _disable_IRQ_interrupt_             
000048cc  _enable_IRQ_interrupt_              
000048d4  _enable_interrupt_                  
000048dc  _esmCcmErrorsClear_                 
00004964  _memInit_                           
00004998  _checkMemInitOn_                    
000049b8  _cacheEnable_                       
000049fc  _cacheDisable_                      
00004a20  _dCacheInvalidate_                  
00004a34  _iCacheInvalidate_                  
00004a48  __TI_PINIT_Base                     
00004a4c  __TI_PINIT_Limit                    
00004a50  _mpuInit_                           
00004d08  _mpuEnable_                         
00004d20  _mpuDisable_                        
00004d38  _mpuEnableBackgroundRegion_         
00004d48  _mpuDisableBackgroundRegion_        
00004d58  _mpuGetNumberOfRegions_             
00004d64  _mpuAreRegionsSeparate_             
00004d70  _mpuSetRegion_                      
00004d78  _mpuGetRegion_                      
00004d80  _mpuSetRegionBaseAddress_           
00004d88  _mpuGetRegionBaseAddress_           
00004d90  _mpuSetRegionTypeAndPermission_     
00004d9c  _mpuGetRegionType_                  
00004da8  _mpuGetRegionPermission_            
00004db4  _mpuSetRegionSizeRegister_          
00004dbc  vimECCErrorHandler                  
000050f8  esmHighInterrupt                    
00005270  floor                               
00005270  floorl                              
000053a4  _c_int00                            
0000547c  main                                
00005538  __aeabi_memclr                      
00005538  __aeabi_memclr4                     
00005538  __aeabi_memclr8                     
0000553c  __aeabi_memset                      
0000553c  __aeabi_memset4                     
0000553c  __aeabi_memset8                     
00005548  memset                              
000055e8  esmGroup1Notification               
000055fc  esmGroup2Notification               
00005610  esmGroup3Notification               
00005620  dmaGroupANotification               
00005634  gioNotification                     
00005648  i2cNotification                     
0000565c  sciNotification                     
00005670  epcCAMFullNotification              
00005674  epcFIFOFullNotification             
00005684  __TI_auto_init_nobinit_nopinit      
000056ec  __TI_zero_init                      
000056fc  C$$EXIT                             
000056fc  abort                               
00005704  handlePLLLockFail                   
00005708  phantomInterrupt                    
00005928  __TI_Handler_Table_Base             
0000592c  __TI_CINIT_Base                     
0000592c  __TI_Handler_Table_Limit            
00005934  __TI_CINIT_Limit                    
08001500  pixelDataArray                      
08033568  _sys_memory                         
ffffffff  __TI_pprof_out_hndl                 
ffffffff  __TI_prof_data_size                 
ffffffff  __TI_prof_data_start                
ffffffff  __binit__                           
ffffffff  __c_args__                          
ffffffff  binit                               
UNDEFED   SHT$$INIT_ARRAY$$Base               
UNDEFED   SHT$$INIT_ARRAY$$Limit              
UNDEFED   _system_post_cinit                  

[196 symbols]
